Component: ARM Compiler 5.06 update 6 (build 750) Tool: armlink [4d35ed]

==============================================================================

Section Cross References

    main.o(i.main) refers to _printf_percent.o(.ARM.Collect$$_printf_percent$$00000000) for _printf_percent
    main.o(i.main) refers to _printf_f.o(.ARM.Collect$$_printf_percent$$00000003) for _printf_f
    main.o(i.main) refers to printf1.o(x$fpl$printf1) for _printf_fp_dec
    main.o(i.main) refers to system_stm32f4xx.o(i.SystemCoreClockUpdate) for SystemCoreClockUpdate
    main.o(i.main) refers to delay.o(i.systick_init) for systick_init
    main.o(i.main) refers to adc.o(i.ADC_init) for ADC_init
    main.o(i.main) refers to ili9341.o(i.ILI9341_Init) for ILI9341_Init
    main.o(i.main) refers to ili9341.o(i.ILI9341_setRotation) for ILI9341_setRotation
    main.o(i.main) refers to ili9341.o(i.ILI9341_Fill) for ILI9341_Fill
    main.o(i.main) refers to vi.o(i.calcVI) for calcVI
    main.o(i.main) refers to vi.o(i.getVrms) for getVrms
    main.o(i.main) refers to noretval__2sprintf.o(.text) for __2sprintf
    main.o(i.main) refers to ili9341.o(i.ILI9341_DrawString) for ILI9341_DrawString
    main.o(i.main) refers to vi.o(i.getIrms) for getIrms
    main.o(i.main) refers to vi.o(i.getpowerFactor) for getpowerFactor
    main.o(i.main) refers to asin.o(i.__hardfp_asin) for __hardfp_asin
    main.o(i.main) refers to vi.o(i.getapparentPower) for getapparentPower
    main.o(i.main) refers to dmul.o(x$fpl$dmul) for __aeabi_dmul
    main.o(i.main) refers to vi.o(i.getRealPower) for getRealPower
    main.o(i.main) refers to main.o(.data) for data
    delay.o(i.SysTick_Handler) refers to delay.o(.data) for milli
    delay.o(i.delay) refers to delay.o(i.millis) for millis
    delay.o(i.millis) refers to delay.o(.data) for milli
    vi.o(i.calcIrms) refers to adc.o(i.readADCCurrent) for readADCCurrent
    vi.o(i.calcIrms) refers to dflt_clz.o(x$fpl$dflt) for __aeabi_i2d
    vi.o(i.calcIrms) refers to daddsub_clz.o(x$fpl$dsub) for __aeabi_dsub
    vi.o(i.calcIrms) refers to ddiv.o(x$fpl$ddiv) for __aeabi_ddiv
    vi.o(i.calcIrms) refers to daddsub_clz.o(x$fpl$dadd) for __aeabi_dadd
    vi.o(i.calcIrms) refers to dmul.o(x$fpl$dmul) for __aeabi_dmul
    vi.o(i.calcIrms) refers to dflt_clz.o(x$fpl$dfltu) for __aeabi_ui2d
    vi.o(i.calcIrms) refers to sqrt.o(i.__hardfp_sqrt) for __hardfp_sqrt
    vi.o(i.calcIrms) refers to vi.o(.data) for sampleI
    vi.o(i.calcVI) refers to delay.o(i.millis) for millis
    vi.o(i.calcVI) refers to adc.o(i.readADCVolt) for readADCVolt
    vi.o(i.calcVI) refers to dflt_clz.o(x$fpl$dfltu) for __aeabi_ui2d
    vi.o(i.calcVI) refers to dleqf.o(x$fpl$dleqf) for __aeabi_cdcmple
    vi.o(i.calcVI) refers to drleqf.o(x$fpl$drleqf) for __aeabi_cdrcmple
    vi.o(i.calcVI) refers to delay.o(i.delayuS) for delayuS
    vi.o(i.calcVI) refers to adc.o(i.readADCCurrent) for readADCCurrent
    vi.o(i.calcVI) refers to dflt_clz.o(x$fpl$dflt) for __aeabi_i2d
    vi.o(i.calcVI) refers to daddsub_clz.o(x$fpl$dsub) for __aeabi_dsub
    vi.o(i.calcVI) refers to ddiv.o(x$fpl$ddiv) for __aeabi_ddiv
    vi.o(i.calcVI) refers to daddsub_clz.o(x$fpl$dadd) for __aeabi_dadd
    vi.o(i.calcVI) refers to dmul.o(x$fpl$dmul) for __aeabi_dmul
    vi.o(i.calcVI) refers to sqrt.o(i.__hardfp_sqrt) for __hardfp_sqrt
    vi.o(i.calcVI) refers to vi.o(.data) for ICAL
    vi.o(i.getIrms) refers to vi.o(.data) for Irms
    vi.o(i.getRealPower) refers to dmul.o(x$fpl$dmul) for __aeabi_dmul
    vi.o(i.getRealPower) refers to vi.o(.data) for realPower
    vi.o(i.getVrms) refers to vi.o(.data) for Vrms
    vi.o(i.getapparentPower) refers to vi.o(.data) for apparentPower
    vi.o(i.getpowerFactor) refers to vi.o(.data) for powerFactor
    adc.o(i.readADCCurrent) refers to adc.o(.data) for adcValue2
    adc.o(i.readADCVolt) refers to adc.o(.data) for adcValue1
    ili9341.o(i.ILI9341_DrawChar) refers to ili9341.o(i.setAddrWindow) for setAddrWindow
    ili9341.o(i.ILI9341_DrawChar) refers to ili9341.o(i.pushColor) for pushColor
    ili9341.o(i.ILI9341_DrawChar) refers to ili9341.o(.constdata) for Font
    ili9341.o(i.ILI9341_DrawPixel) refers to ili9341.o(i.ILI9341_SetCursorPosition) for ILI9341_SetCursorPosition
    ili9341.o(i.ILI9341_DrawPixel) refers to ili9341.o(i.ILI9341_SendData) for ILI9341_SendData
    ili9341.o(i.ILI9341_DrawString) refers to ili9341.o(i.ILI9341_DrawChar) for ILI9341_DrawChar
    ili9341.o(i.ILI9341_Fill) refers to ili9341.o(i.ILI9341_SetCursorPosition) for ILI9341_SetCursorPosition
    ili9341.o(i.ILI9341_Fill) refers to ili9341.o(i.ILI9341_SendData) for ILI9341_SendData
    ili9341.o(i.ILI9341_Fill) refers to ili9341.o(.data) for rotationNum
    ili9341.o(i.ILI9341_Fill_Rect) refers to ili9341.o(i.ILI9341_SetCursorPosition) for ILI9341_SetCursorPosition
    ili9341.o(i.ILI9341_Fill_Rect) refers to ili9341.o(i.ILI9341_SendData) for ILI9341_SendData
[...]
    defsig_exit.o(.text) refers to sys_exit.o(.text) for _sys_exit
    defsig_rtmem_inner.o(.text) refers to defsig_general.o(.text) for __default_signal_display
    __raise.o(.text) refers to defsig.o(CL$$defsig) for __default_signal_handler
    defsig_general.o(.text) refers to sys_wrch.o(.text) for _ttywrch
    sys_wrch.o(.text) refers (Special) to use_no_semi.o(.text) for __I$use$semihosting
    sys_wrch.o(.text) refers (Special) to indicate_semi.o(.text) for __semihosting_library_function
    defsig.o(CL$$defsig) refers to defsig_rtmem_inner.o(.text) for __rt_SIGRTMEM_inner
    defsig_abrt_inner.o(.text) refers to defsig_general.o(.text) for __default_signal_display
    defsig_fpe_inner.o(.text) refers to defsig_general.o(.text) for __default_signal_display
    defsig_rtred_inner.o(.text) refers to defsig_general.o(.text) for __default_signal_display
    defsig_stak_inner.o(.text) refers to defsig_general.o(.text) for __default_signal_display
    defsig_pvfn_inner.o(.text) refers to defsig_general.o(.text) for __default_signal_display
    defsig_cppl_inner.o(.text) refers to defsig_general.o(.text) for __default_signal_display
    defsig_segv_inner.o(.text) refers to defsig_general.o(.text) for __default_signal_display
    defsig_other.o(.text) refers to defsig_general.o(.text) for __default_signal_display


==============================================================================

Removing Unused input sections from the image.

    Removing main.o(.rev16_text), (4 bytes).
    Removing main.o(.revsh_text), (4 bytes).
    Removing main.o(.rrx_text), (6 bytes).
    Removing main.o(.constdata), (1280 bytes).
    Removing delay.o(.rev16_text), (4 bytes).
    Removing delay.o(.revsh_text), (4 bytes).
    Removing delay.o(.rrx_text), (6 bytes).
    Removing vi.o(.rev16_text), (4 bytes).
    Removing vi.o(.revsh_text), (4 bytes).
    Removing vi.o(.rrx_text), (6 bytes).
    Removing vi.o(i.calcIrms), (412 bytes).
    Removing adc.o(.rev16_text), (4 bytes).
    Removing adc.o(.revsh_text), (4 bytes).
    Removing adc.o(.rrx_text), (6 bytes).
    Removing ili9341.o(.rev16_text), (4 bytes).
    Removing ili9341.o(.revsh_text), (4 bytes).
    Removing ili9341.o(.rrx_text), (6 bytes).
    Removing ili9341.o(i.ILI9341_Color565), (24 bytes).
    Removing ili9341.o(i.ILI9341_DrawPixel), (34 bytes).
    Removing ili9341.o(i.ILI9341_Fill_Rect), (82 bytes).
    Removing ili9341.o(i.ILI9341_drawCircle), (260 bytes).
    Removing ili9341.o(i.ILI9341_drawFastHLine), (30 bytes).
    Removing ili9341.o(i.ILI9341_drawFastVLine), (30 bytes).
    Removing ili9341.o(i.ILI9341_drawLine), (206 bytes).
    Removing ili9341.o(i.ILI9341_drawTriangle), (64 bytes).
    Removing ili9341.o(i.ILI9341_fillCircle), (52 bytes).
    Removing ili9341.o(i.ILI9341_fillTriangle), (412 bytes).
    Removing ili9341.o(i.drawCircleHelper), (230 bytes).
    Removing ili9341.o(i.fillCircleHelper), (198 bytes).
    Removing spi.o(.rev16_text), (4 bytes).
    Removing spi.o(.revsh_text), (4 bytes).
    Removing spi.o(.rrx_text), (6 bytes).
    Removing spi.o(i.spi_print), (22 bytes).
    Removing spi.o(i.spi_read_write), (76 bytes).
    Removing system_stm32f4xx.o(.rev16_text), (4 bytes).
    Removing system_stm32f4xx.o(.revsh_text), (4 bytes).
    Removing system_stm32f4xx.o(.rrx_text), (6 bytes).

37 unused section(s) (total 3510 bytes) removed from the image.

==============================================================================

Image Symbol Table

    Local Symbols

    Symbol Name                              Value     Ov Type        Size  Object(Section)

    ../clib/angel/boardlib.s                 0x00000000   Number         0  boardinit1.o ABSOLUTE
    ../clib/angel/boardlib.s                 0x00000000   Number         0  boardinit2.o ABSOLUTE
    ../clib/angel/boardlib.s                 0x00000000   Number         0  boardshut.o ABSOLUTE
    ../clib/angel/boardlib.s                 0x00000000   Number         0  boardinit3.o ABSOLUTE
    ../clib/angel/handlers.s                 0x00000000   Number         0  __scatter_copy.o ABSOLUTE
    ../clib/angel/handlers.s                 0x00000000   Number         0  __scatter_zi.o ABSOLUTE
    ../clib/angel/kernel.s                   0x00000000   Number         0  __rtentry.o ABSOLUTE
    ../clib/angel/kernel.s                   0x00000000   Number         0  rtexit.o ABSOLUTE
    ../clib/angel/kernel.s                   0x00000000   Number         0  __rtentry2.o ABSOLUTE
    ../clib/angel/kernel.s                   0x00000000   Number         0  rtexit2.o ABSOLUTE
    ../clib/angel/kernel.s                   0x00000000   Number         0  __rtentry4.o ABSOLUTE
    ../clib/angel/rt.s                       0x00000000   Number         0  rt_raise.o ABSOLUTE
    ../clib/angel/rt.s                       0x00000000   Number         0  rt_locale_intlibspace.o ABSOLUTE
    ../clib/angel/rt.s                       0x00000000   Number         0  rt_locale.o ABSOLUTE
    ../clib/angel/rt.s                       0x00000000   Number         0  rt_errno_addr_intlibspace.o ABSOLUTE
    ../clib/angel/rt.s                       0x00000000   Number         0  rt_errno_addr.o ABSOLUTE
    ../clib/angel/scatter.s                  0x00000000   Number         0  __scatter.o ABSOLUTE
    ../clib/angel/startup.s                  0x00000000   Number         0  __main.o ABSOLUTE
    ../clib/angel/sys.s                      0x00000000   Number         0  sys_stackheap_outer.o ABSOLUTE
    ../clib/angel/sys.s                      0x00000000   Number         0  libspace.o ABSOLUTE
    ../clib/angel/sys.s                      0x00000000   Number         0  use_no_semi.o ABSOLUTE
    ../clib/angel/sys.s                      0x00000000   Number         0  indicate_semi.o ABSOLUTE
    ../clib/angel/sysapp.c                   0x00000000   Number         0  sys_exit.o ABSOLUTE
    ../clib/angel/sysapp.c                   0x00000000   Number         0  sys_wrch.o ABSOLUTE
    ../clib/angel/sysapp.c                   0x00000000   Number         0  sys_command.o ABSOLUTE
    ../clib/armsys.c                         0x00000000   Number         0  argv_veneer.o ABSOLUTE
    ../clib/armsys.c                         0x00000000   Number         0  no_argv.o ABSOLUTE
    ../clib/armsys.c                         0x00000000   Number         0  _get_argv_nomalloc.o ABSOLUTE
    ../clib/armsys.c                         0x00000000   Number         0  argv_veneer.o ABSOLUTE
    ../clib/bigflt.c                         0x00000000   Number         0  bigflt0.o ABSOLUTE
    ../clib/btod.s                           0x00000000   Number         0  btod.o ABSOLUTE
    ../clib/fenv.c                           0x00000000   Number         0  _rserrno.o ABSOLUTE
    ../clib/heapalloc.c                      0x00000000   Number         0  hrguard.o ABSOLUTE
    ../clib/heapaux.c                        0x00000000   Number         0  heapauxi.o ABSOLUTE
    ../clib/libinit.s                        0x00000000   Number         0  libshutdown.o ABSOLUTE
    ../clib/libinit.s                        0x00000000   Number         0  libshutdown2.o ABSOLUTE
    ../clib/libinit.s                        0x00000000   Number         0  libinit2.o ABSOLUTE
    ../clib/libinit.s                        0x00000000   Number         0  libinit.o ABSOLUTE
    ../clib/locale.s                         0x00000000   Number         0  lc_numeric_c.o ABSOLUTE
    ../clib/longlong.s                       0x00000000   Number         0  lludiv10.o ABSOLUTE
    ../clib/memcpset.s                       0x00000000   Number         0  strcmpv7m.o ABSOLUTE
    ../clib/printf.c                         0x00000000   Number         0  _sputc.o ABSOLUTE
    ../clib/printf.c                         0x00000000   Number         0  noretval__2sprintf.o ABSOLUTE
    ../clib/printf.c                         0x00000000   Number         0  __2sprintf.o ABSOLUTE
    ../clib/printf.c                         0x00000000   Number         0  __printf_flags.o ABSOLUTE
    ../clib/printf.c                         0x00000000   Number         0  __printf_flags_ss_wp.o ABSOLUTE
    ../clib/printf.c                         0x00000000   Number         0  __printf_ss_wp.o ABSOLUTE
    ../clib/printf.c                         0x00000000   Number         0  __printf_flags_wp.o ABSOLUTE
    ../clib/printf.c                         0x00000000   Number         0  __printf_wp.o ABSOLUTE
    ../clib/printf.c                         0x00000000   Number         0  __printf_nopercent.o ABSOLUTE
    ../clib/printf.c                         0x00000000   Number         0  __printf_flags_ss.o ABSOLUTE
    ../clib/printf.c                         0x00000000   Number         0  _printf_fp_infnan.o ABSOLUTE
    ../clib/printf.c                         0x00000000   Number         0  __printf_ss.o ABSOLUTE
    ../clib/printf.c                         0x00000000   Number         0  _printf_fp_dec.o ABSOLUTE
    ../clib/printf.c                         0x00000000   Number         0  __printf.o ABSOLUTE
    ../clib/printf.c                         0x00000000   Number         0  _printf_char_common.o ABSOLUTE
    ../clib/printf_percent.s                 0x00000000   Number         0  _printf_percent_end.o ABSOLUTE
    ../clib/printf_percent.s                 0x00000000   Number         0  _printf_f.o ABSOLUTE
    ../clib/printf_percent.s                 0x00000000   Number         0  _printf_percent.o ABSOLUTE
    ../clib/signal.c                         0x00000000   Number         0  defsig_segv_inner.o ABSOLUTE
    ../clib/signal.c                         0x00000000   Number         0  defsig_cppl_inner.o ABSOLUTE
    ../clib/signal.c                         0x00000000   Number         0  defsig_pvfn_inner.o ABSOLUTE
    ../clib/signal.c                         0x00000000   Number         0  defsig_rtmem_inner.o ABSOLUTE
    ../clib/signal.c                         0x00000000   Number         0  defsig_exit.o ABSOLUTE
    ../clib/signal.c                         0x00000000   Number         0  defsig_abrt_inner.o ABSOLUTE
    ../clib/signal.c                         0x00000000   Number         0  defsig_other.o ABSOLUTE
    ../clib/signal.c                         0x00000000   Number         0  defsig_fpe_inner.o ABSOLUTE
    ../clib/signal.c                         0x00000000   Number         0  __raise.o ABSOLUTE
    ../clib/signal.c                         0x00000000   Number         0  defsig_rtmem_outer.o ABSOLUTE
    ../clib/signal.c                         0x00000000   Number         0  defsig_general.o ABSOLUTE
    ../clib/signal.c                         0x00000000   Number         0  defsig_rtred_inner.o ABSOLUTE
    ../clib/signal.c                         0x00000000   Number         0  defsig_stak_inner.o ABSOLUTE
    ../clib/signal.c                         0x00000000   Number         0  defsig_rtmem_formal.o ABSOLUTE
    ../clib/signal.s                         0x00000000   Number         0  defsig.o ABSOLUTE
    ../clib/stdlib.c                         0x00000000   Number         0  exit.o ABSOLUTE
    ../fplib/basic.s                         0x00000000   Number         0  basic.o ABSOLUTE
    ../fplib/daddsub.s                       0x00000000   Number         0  daddsub_clz.o ABSOLUTE
    ../fplib/dcmpi.s                         0x00000000   Number         0  dcmpi.o ABSOLUTE
    ../fplib/ddiv.s                          0x00000000   Number         0  ddiv.o ABSOLUTE
    ../fplib/dflt.s                          0x00000000   Number         0  dflt_clz.o ABSOLUTE
    ../fplib/dleqf.s                         0x00000000   Number         0  dleqf.o ABSOLUTE
    ../fplib/dmul.s                          0x00000000   Number         0  dmul.o ABSOLUTE
    ../fplib/dnaninf.s                       0x00000000   Number         0  dnaninf.o ABSOLUTE
    ../fplib/dretinf.s                       0x00000000   Number         0  dretinf.o ABSOLUTE
    ../fplib/drleqf.s                        0x00000000   Number         0  drleqf.o ABSOLUTE
    ../fplib/dsqrt.s                         0x00000000   Number         0  dsqrt_umaal.o ABSOLUTE
    ../fplib/fpinit.s                        0x00000000   Number         0  fpinit.o ABSOLUTE
    ../fplib/istatus.s                       0x00000000   Number         0  istatus.o ABSOLUTE
    ../fplib/printf1.s                       0x00000000   Number         0  printf1.o ABSOLUTE
    ../fplib/usenofp.s                       0x00000000   Number         0  usenofp.o ABSOLUTE
    ../mathlib/asin.c                        0x00000000   Number         0  asin_x.o ABSOLUTE
    ../mathlib/asin.c                        0x00000000   Number         0  asin.o ABSOLUTE
    ../mathlib/dunder.c                      0x00000000   Number         0  dunder.o ABSOLUTE
    ../mathlib/fabs.c                        0x00000000   Number         0  fabs.o ABSOLUTE
    ../mathlib/fpclassify.c                  0x00000000   Number         0  fpclassify.o ABSOLUTE
    ../mathlib/poly.c                        0x00000000   Number         0  poly.o ABSOLUTE
    ../mathlib/sqrt.c                        0x00000000   Number         0  sqrt_x.o ABSOLUTE
    ../mathlib/sqrt.c                        0x00000000   Number         0  sqrt.o ABSOLUTE
    ILI9341.c                                0x00000000   Number         0  ili9341.o ABSOLUTE
    ILI9341.c                                0x00000000   Number         0  ili9341.o ABSOLUTE
    RTE\Device\STM32F407VETx\startup_stm32f407xx.s 0x00000000   Number         0  startup_stm32f407xx.o ABSOLUTE
    RTE\Device\STM32F407VETx\system_stm32f4xx.c 0x00000000   Number         0  system_stm32f4xx.o ABSOLUTE
    RTE\\Device\\STM32F407VETx\\system_stm32f4xx.c 0x00000000   Number         0  system_stm32f4xx.o ABSOLUTE
    SPI.c                                    0x00000000   Number         0  spi.o ABSOLUTE
    SPI.c                                    0x00000000   Number         0  spi.o ABSOLUTE
    VI.c                                     0x00000000   Number         0  vi.o ABSOLUTE
    VI.c                                     0x00000000   Number         0  vi.o ABSOLUTE
    adc.c                                    0x00000000   Number         0  adc.o ABSOLUTE
    adc.c                                    0x00000000   Number         0  adc.o ABSOLUTE
    dc.s                                     0x00000000   Number         0  dc.o ABSOLUTE
    delay.c                                  0x00000000   Number         0  delay.o ABSOLUTE
    delay.c                                  0x00000000   Number         0  delay.o ABSOLUTE
    main.c                                   0x00000000   Number         0  main.o ABSOLUTE
    main.c                                   0x00000000   Number         0  main.o ABSOLUTE
    RESET                                    0x08000000   Section      392  startup_stm32f407xx.o(RESET)
    !!!main                                  0x08000188   Section        8  __main.o(!!!main)
    !!!scatter                               0x08000190   Section       52  __scatter.o(!!!scatter)
    !!handler_copy                           0x080001c4   Section       26  __scatter_copy.o(!!handler_copy)
    !!handler_zi                             0x080001e0   Section       28  __scatter_zi.o(!!handler_zi)
    .ARM.Collect$$_printf_percent$$00000000  0x080001fc   Section        0  _printf_percent.o(.ARM.Collect$$_printf_percent$$00000000)
    .ARM.Collect$$_printf_percent$$00000003  0x080001fc   Section        6  _printf_f.o(.ARM.Collect$$_printf_percent$$00000003)
    .ARM.Collect$$_printf_percent$$00000017  0x08000202   Section        4  _printf_percent_end.o(.ARM.Collect$$_printf_percent$$00000017)
    .ARM.Collect$$libinit$$00000000          0x08000206   Section        2  libinit.o(.ARM.Collect$$libinit$$00000000)
    .ARM.Collect$$libinit$$00000001          0x08000208   Section        4  libinit2.o(.ARM.Collect$$libinit$$00000001)
    .ARM.Collect$$libinit$$00000004          0x0800020c   Section        0  libinit2.o(.ARM.Collect$$libinit$$00000004)
    .ARM.Collect$$libinit$$0000000A          0x0800020c   Section        0  libinit2.o(.ARM.Collect$$libinit$$0000000A)
    .ARM.Collect$$libinit$$0000000C          0x0800020c   Section        0  libinit2.o(.ARM.Collect$$libinit$$0000000C)
    .ARM.Collect$$libinit$$0000000E          0x0800020c   Section        0  libinit2.o(.ARM.Collect$$libinit$$0000000E)
    .ARM.Collect$$libinit$$0000000F          0x0800020c   Section        6  libinit2.o(.ARM.Collect$$libinit$$0000000F)
    .ARM.Collect$$libinit$$00000011          0x08000212   Section        0  libinit2.o(.ARM.Collect$$libinit$$00000011)
    .ARM.Collect$$libinit$$00000013          0x08000212   Section        0  libinit2.o(.ARM.Collect$$libinit$$00000013)
    .ARM.Collect$$libinit$$00000015          0x08000212   Section        0  libinit2.o(.ARM.Collect$$libinit$$00000015)
    .ARM.Collect$$libinit$$00000016          0x08000212   Section       10  libinit2.o(.ARM.Collect$$libinit$$00000016)
    .ARM.Collect$$libinit$$00000017          0x0800021c   Section        0  libinit2.o(.ARM.Collect$$libinit$$00000017)
    .ARM.Collect$$libinit$$00000019          0x0800021c   Section        0  libinit2.o(.ARM.Collect$$libinit$$00000019)
    .ARM.Collect$$libinit$$0000001B          0x0800021c   Section        0  libinit2.o(.ARM.Collect$$libinit$$0000001B)
    .ARM.Collect$$libinit$$0000001D          0x0800021c   Section        0  libinit2.o(.ARM.Collect$$libinit$$0000001D)
    .ARM.Collect$$libinit$$0000001F          0x0800021c   Section        0  libinit2.o(.ARM.Collect$$libinit$$0000001F)
    .ARM.Collect$$libinit$$00000021          0x0800021c   Section        0  libinit2.o(.ARM.Collect$$libinit$$00000021)
    .ARM.Collect$$libinit$$00000023          0x0800021c   Section        0  libinit2.o(.ARM.Collect$$libinit$$00000023)
    .ARM.Collect$$libinit$$00000025          0x0800021c   Section        0  libinit2.o(.ARM.Collect$$libinit$$00000025)
    .ARM.Collect$$libinit$$0000002C          0x0800021c   Section        0  libinit2.o(.ARM.Collect$$libinit$$0000002C)
    .ARM.Collect$$libinit$$0000002E          0x0800021c   Section        0  libinit2.o(.ARM.Collect$$libinit$$0000002E)
    .ARM.Collect$$libinit$$00000030          0x0800021c   Section        0  libinit2.o(.ARM.Collect$$libinit$$00000030)
    .ARM.Collect$$libinit$$00000032          0x0800021c   Section        0  libinit2.o(.ARM.Collect$$libinit$$00000032)
    .ARM.Collect$$libinit$$00000033          0x0800021c   Section        2  libinit2.o(.ARM.Collect$$libinit$$00000033)
    .ARM.Collect$$libshutdown$$00000000      0x0800021e   Section        2  libshutdown.o(.ARM.Collect$$libshutdown$$00000000)
    .ARM.Collect$$libshutdown$$00000002      0x08000220   Section        0  libshutdown2.o(.ARM.Collect$$libshutdown$$00000002)
    .ARM.Collect$$libshutdown$$00000004      0x08000220   Section        0  libshutdown2.o(.ARM.Collect$$libshutdown$$00000004)
    .ARM.Collect$$libshutdown$$00000007      0x08000220   Section        0  libshutdown2.o(.ARM.Collect$$libshutdown$$00000007)
    .ARM.Collect$$libshutdown$$0000000A      0x08000220   Section        0  libshutdown2.o(.ARM.Collect$$libshutdown$$0000000A)
    .ARM.Collect$$libshutdown$$0000000C      0x08000220   Section        0  libshutdown2.o(.ARM.Collect$$libshutdown$$0000000C)
    .ARM.Collect$$libshutdown$$0000000F      0x08000220   Section        0  libshutdown2.o(.ARM.Collect$$libshutdown$$0000000F)
    .ARM.Collect$$libshutdown$$00000010      0x08000220   Section        2  libshutdown2.o(.ARM.Collect$$libshutdown$$00000010)
    .ARM.Collect$$rtentry$$00000000          0x08000222   Section        0  __rtentry.o(.ARM.Collect$$rtentry$$00000000)
    .ARM.Collect$$rtentry$$00000002          0x08000222   Section        0  __rtentry2.o(.ARM.Collect$$rtentry$$00000002)
    .ARM.Collect$$rtentry$$00000004          0x08000222   Section        6  __rtentry4.o(.ARM.Collect$$rtentry$$00000004)
    .ARM.Collect$$rtentry$$00000009          0x08000228   Section        0  __rtentry2.o(.ARM.Collect$$rtentry$$00000009)
    .ARM.Collect$$rtentry$$0000000A          0x08000228   Section        4  __rtentry2.o(.ARM.Collect$$rtentry$$0000000A)
    .ARM.Collect$$rtentry$$0000000C          0x0800022c   Section        0  __rtentry2.o(.ARM.Collect$$rtentry$$0000000C)
    .ARM.Collect$$rtentry$$0000000D          0x0800022c   Section        8  __rtentry2.o(.ARM.Collect$$rtentry$$0000000D)
    .ARM.Collect$$rtexit$$00000000           0x08000234   Section        2  rtexit.o(.ARM.Collect$$rtexit$$00000000)
    .ARM.Collect$$rtexit$$00000002           0x08000236   Section        0  rtexit2.o(.ARM.Collect$$rtexit$$00000002)
    .ARM.Collect$$rtexit$$00000003           0x08000236   Section        4  rtexit2.o(.ARM.Collect$$rtexit$$00000003)
    .ARM.Collect$$rtexit$$00000004           0x0800023a   Section        6  rtexit2.o(.ARM.Collect$$rtexit$$00000004)
    .text                                    0x08000240   Section       64  startup_stm32f407xx.o(.text)
    $v0                                      0x08000240   Number         0  startup_stm32f407xx.o(.text)
    .text                                    0x08000280   Section        0  noretval__2sprintf.o(.text)
    .text                                    0x080002a8   Section        0  __printf.o(.text)
    .text                                    0x08000310   Section        0  heapauxi.o(.text)
    .text                                    0x08000316   Section        0  _rserrno.o(.text)
    .text                                    0x0800032c   Section        0  _printf_fp_dec.o(.text)
    _fp_digits                               0x0800032f   Thumb Code   432  _printf_fp_dec.o(.text)
    .text                                    0x0800074c   Section        0  _printf_char_common.o(.text)
    _printf_input_char                       0x0800074d   Thumb Code    10  _printf_char_common.o(.text)
    .text                                    0x0800077c   Section        0  _sputc.o(.text)
    .text                                    0x08000788   Section        8  rt_locale_intlibspace.o(.text)
    .text                                    0x08000790   Section        8  rt_errno_addr_intlibspace.o(.text)
    .text                                    0x08000798   Section      138  lludiv10.o(.text)
    .text                                    0x08000824   Section        0  _printf_fp_infnan.o(.text)
    .text                                    0x080008a4   Section        0  bigflt0.o(.text)
    .text                                    0x08000988   Section        8  libspace.o(.text)
    .text                                    0x08000990   Section       74  sys_stackheap_outer.o(.text)
    .text                                    0x080009da   Section        0  exit.o(.text)
    .text                                    0x080009ec   Section      128  strcmpv7m.o(.text)
    .text                                    0x08000a6c   Section        0  sys_exit.o(.text)
    .text                                    0x08000a78   Section        2  use_no_semi.o(.text)
    .text                                    0x08000a7a   Section        0  indicate_semi.o(.text)
    CL$$btod_d2e                             0x08000a7a   Section       62  btod.o(CL$$btod_d2e)
    CL$$btod_d2e_denorm_low                  0x08000ab8   Section       70  btod.o(CL$$btod_d2e_denorm_low)
    CL$$btod_d2e_norm_op1                    0x08000afe   Section       96  btod.o(CL$$btod_d2e_norm_op1)
    CL$$btod_div_common                      0x08000b5e   Section      824  btod.o(CL$$btod_div_common)
    CL$$btod_e2e                             0x08000e96   Section      220  btod.o(CL$$btod_e2e)
    CL$$btod_ediv                            0x08000f72   Section       42  btod.o(CL$$btod_ediv)
    CL$$btod_emul                            0x08000f9c   Section       42  btod.o(CL$$btod_emul)
    CL$$btod_mult_common                     0x08000fc6   Section      580  btod.o(CL$$btod_mult_common)
    i.ADC_init                               0x0800120c   Section        0  adc.o(i.ADC_init)
    i.GPIO_Init                              0x080012c0   Section        0  ili9341.o(i.GPIO_Init)
    i.ILI9341_DrawChar                       0x080012ec   Section        0  ili9341.o(i.ILI9341_DrawChar)
    i.ILI9341_DrawString                     0x080013ec   Section        0  ili9341.o(i.ILI9341_DrawString)
    i.ILI9341_Fill                           0x0800143c   Section        0  ili9341.o(i.ILI9341_Fill)
    i.ILI9341_Init                           0x080014a0   Section        0  ili9341.o(i.ILI9341_Init)
    i.ILI9341_SendCommand                    0x080015dc   Section        0  ili9341.o(i.ILI9341_SendCommand)
    i.ILI9341_SendData                       0x08001614   Section        0  ili9341.o(i.ILI9341_SendData)
    i.ILI9341_SetCursorPosition              0x0800164c   Section        0  ili9341.o(i.ILI9341_SetCursorPosition)
    i.ILI9341_setRotation                    0x080016a0   Section        0  ili9341.o(i.ILI9341_setRotation)
    i.SetSysClock                            0x08001724   Section        0  system_stm32f4xx.o(i.SetSysClock)
    SetSysClock                              0x08001725   Thumb Code   142  system_stm32f4xx.o(i.SetSysClock)
    i.SysTick_Handler                        0x080017c4   Section        0  delay.o(i.SysTick_Handler)
    i.SystemCoreClockUpdate                  0x080017e0   Section        0  system_stm32f4xx.o(i.SystemCoreClockUpdate)
    i.SystemInit                             0x080018a0   Section        0  system_stm32f4xx.o(i.SystemInit)
    i.__ARM_fpclassify                       0x08001908   Section        0  fpclassify.o(i.__ARM_fpclassify)
    i.__hardfp_asin                          0x08001938   Section        0  asin.o(i.__hardfp_asin)
    i.__hardfp_sqrt                          0x08001c98   Section        0  sqrt.o(i.__hardfp_sqrt)
    i.__kernel_poly                          0x08001d12   Section        0  poly.o(i.__kernel_poly)
    i.__mathlib_dbl_infnan                   0x08001e0a   Section        0  dunder.o(i.__mathlib_dbl_infnan)
    i.__mathlib_dbl_invalid                  0x08001e20   Section        0  dunder.o(i.__mathlib_dbl_invalid)
    i.__mathlib_dbl_underflow                0x08001e40   Section        0  dunder.o(i.__mathlib_dbl_underflow)
    i.calcVI                                 0x08001e60   Section        0  vi.o(i.calcVI)
    i.delay                                  0x08002390   Section        0  delay.o(i.delay)
    i.delayuS                                0x080023a8   Section        0  delay.o(i.delayuS)
    i.fabs                                   0x080023e0   Section        0  fabs.o(i.fabs)
    i.getIrms                                0x080023f8   Section        0  vi.o(i.getIrms)
    i.getRealPower                           0x08002404   Section        0  vi.o(i.getRealPower)
    i.getVrms                                0x08002430   Section        0  vi.o(i.getVrms)
    i.getapparentPower                       0x0800243c   Section        0  vi.o(i.getapparentPower)
    i.getpowerFactor                         0x08002448   Section        0  vi.o(i.getpowerFactor)
    i.main                                   0x08002454   Section        0  main.o(i.main)
    i.millis                                 0x08002634   Section        0  delay.o(i.millis)
    i.pushColor                              0x0800264c   Section        0  ili9341.o(i.pushColor)
    pushColor                                0x0800264d   Thumb Code    18  ili9341.o(i.pushColor)
    i.readADCCurrent                         0x08002660   Section        0  adc.o(i.readADCCurrent)
    i.readADCVolt                            0x08002690   Section        0  adc.o(i.readADCVolt)
    i.setAddrWindow                          0x080026bc   Section        0  ili9341.o(i.setAddrWindow)
    setAddrWindow                            0x080026bd   Thumb Code   106  ili9341.o(i.setAddrWindow)
    i.spi_init                               0x08002730   Section        0  spi.o(i.spi_init)
    i.spi_write                              0x080027b0   Section        0  spi.o(i.spi_write)
    i.sqrt                                   0x080027d8   Section        0  sqrt.o(i.sqrt)
    i.systick_init                           0x08002848   Section        0  delay.o(i.systick_init)
    locale$$code                             0x08002888   Section       44  lc_numeric_c.o(locale$$code)
    x$fpl$basic                              0x080028b4   Section       24  basic.o(x$fpl$basic)
    $v0                                      0x080028b4   Number         0  basic.o(x$fpl$basic)
    x$fpl$dadd                               0x080028cc   Section      336  daddsub_clz.o(x$fpl$dadd)
    $v0                                      0x080028cc   Number         0  daddsub_clz.o(x$fpl$dadd)
    _dadd1                                   0x080028dd   Thumb Code     0  daddsub_clz.o(x$fpl$dadd)
    x$fpl$dcmpinf                            0x08002a1c   Section       24  dcmpi.o(x$fpl$dcmpinf)
    $v0                                      0x08002a1c   Number         0  dcmpi.o(x$fpl$dcmpinf)
    x$fpl$ddiv                               0x08002a34   Section      688  ddiv.o(x$fpl$ddiv)
    $v0                                      0x08002a34   Number         0  ddiv.o(x$fpl$ddiv)
    ddiv_entry                               0x08002a3b   Thumb Code     0  ddiv.o(x$fpl$ddiv)
    x$fpl$dflt                               0x08002ce4   Section       46  dflt_clz.o(x$fpl$dflt)
    $v0                                      0x08002ce4   Number         0  dflt_clz.o(x$fpl$dflt)
    x$fpl$dfltu                              0x08002d12   Section       38  dflt_clz.o(x$fpl$dfltu)
    $v0                                      0x08002d12   Number         0  dflt_clz.o(x$fpl$dfltu)
    x$fpl$dleqf                              0x08002d38   Section      120  dleqf.o(x$fpl$dleqf)
    $v0                                      0x08002d38   Number         0  dleqf.o(x$fpl$dleqf)
    x$fpl$dmul                               0x08002db0   Section      340  dmul.o(x$fpl$dmul)
    $v0                                      0x08002db0   Number         0  dmul.o(x$fpl$dmul)
    x$fpl$dnaninf                            0x08002f04   Section      156  dnaninf.o(x$fpl$dnaninf)
    $v0                                      0x08002f04   Number         0  dnaninf.o(x$fpl$dnaninf)
    x$fpl$dretinf                            0x08002fa0   Section       12  dretinf.o(x$fpl$dretinf)
    $v0                                      0x08002fa0   Number         0  dretinf.o(x$fpl$dretinf)
    x$fpl$drleqf                             0x08002fac   Section      108  drleqf.o(x$fpl$drleqf)
    $v0                                      0x08002fac   Number         0  drleqf.o(x$fpl$drleqf)
    x$fpl$drsb                               0x08003018   Section       22  daddsub_clz.o(x$fpl$drsb)
    $v0                                      0x08003018   Number         0  daddsub_clz.o(x$fpl$drsb)
    x$fpl$dsqrt                              0x08003030   Section      408  dsqrt_umaal.o(x$fpl$dsqrt)
    $v0                                      0x08003030   Number         0  dsqrt_umaal.o(x$fpl$dsqrt)
    x$fpl$dsub                               0x080031c8   Section      468  daddsub_clz.o(x$fpl$dsub)
    $v0                                      0x080031c8   Number         0  daddsub_clz.o(x$fpl$dsub)
    _dsub1                                   0x080031d9   Thumb Code     0  daddsub_clz.o(x$fpl$dsub)
    x$fpl$fpinit                             0x0800339c   Section       10  fpinit.o(x$fpl$fpinit)
    $v0                                      0x0800339c   Number         0  fpinit.o(x$fpl$fpinit)
    x$fpl$printf1                            0x080033a6   Section        4  printf1.o(x$fpl$printf1)
    $v0                                      0x080033a6   Number         0  printf1.o(x$fpl$printf1)
    .constdata                               0x080033aa   Section     1280  ili9341.o(.constdata)
    x$fpl$usenofp                            0x080033aa   Section        0  usenofp.o(x$fpl$usenofp)
    Font                                     0x080033aa   Data        1280  ili9341.o(.constdata)
    .constdata                               0x080038aa   Section       16  system_stm32f4xx.o(.constdata)
    .constdata                               0x080038c0   Section       80  asin.o(.constdata)
    pS                                       0x080038c0   Data          48  asin.o(.constdata)
    qS                                       0x080038f0   Data          32  asin.o(.constdata)
    .constdata                               0x08003910   Section      148  bigflt0.o(.constdata)
    tenpwrs_x                                0x08003910   Data          60  bigflt0.o(.constdata)
    tenpwrs_i                                0x0800394c   Data          64  bigflt0.o(.constdata)
    locale$$data                             0x080039c4   Section       28  lc_numeric_c.o(locale$$data)
    __lcnum_c_name                           0x080039c8   Data           2  lc_numeric_c.o(locale$$data)
    __lcnum_c_start                          0x080039d0   Data           0  lc_numeric_c.o(locale$$data)
    __lcnum_c_point                          0x080039dc   Data           0  lc_numeric_c.o(locale$$data)
    __lcnum_c_thousands                      0x080039de   Data           0  lc_numeric_c.o(locale$$data)
    __lcnum_c_grouping                       0x080039df   Data           0  lc_numeric_c.o(locale$$data)
    __lcnum_c_end                            0x080039e0   Data           0  lc_numeric_c.o(locale$$data)
    .data                                    0x20000000   Section       16  main.o(.data)
    .data                                    0x20000010   Section       12  delay.o(.data)
    .data                                    0x20000020   Section      184  vi.o(.data)
    .data                                    0x200000d8   Section        4  adc.o(.data)
    .data                                    0x200000dc   Section        4  ili9341.o(.data)
    _cp437                                   0x200000dc   Data           1  ili9341.o(.data)
    rotationNum                              0x200000dd   Data           1  ili9341.o(.data)
    ColStart                                 0x200000de   Data           1  ili9341.o(.data)
    RowStart                                 0x200000df   Data           1  ili9341.o(.data)
    .data                                    0x200000e0   Section        4  system_stm32f4xx.o(.data)
    .bss                                     0x200000e4   Section       96  libspace.o(.bss)
    HEAP                                     0x20000148   Section      512  startup_stm32f407xx.o(HEAP)
    Heap_Mem                                 0x20000148   Data         512  startup_stm32f407xx.o(HEAP)
    STACK                                    0x20000348   Section     1024  startup_stm32f407xx.o(STACK)
    Stack_Mem                                0x20000348   Data        1024  startup_stm32f407xx.o(STACK)
    __initial_sp                             0x20000748   Data           0  startup_stm32f407xx.o(STACK)

    Global Symbols

    Symbol Name                              Value     Ov Type        Size  Object(Section)

    BuildAttributes$$THM_ISAv4$E$P$D$K$B$S$7EM$VFPi3$EXTD16$VFPS$VFMA$PE$A:L22UL41UL21$X:L11$S22US41US21$IEEE1$IW$USESV6$~STKCKD$USESV7$~SHL$OTIME$ROPI$IEEEX$EBA8$UX$STANDARDLIB$REQ8$PRES8$EABIv2 0x00000000   Number         0  anon$$obj.o ABSOLUTE
    __ARM_use_no_argv                        0x00000000   Number         0  main.o ABSOLUTE
    __ARM_exceptions_init                     - Undefined Weak Reference
    __alloca_initialize                       - Undefined Weak Reference
    __arm_preinit_                            - Undefined Weak Reference
    __cpp_initialize__aeabi_                  - Undefined Weak Reference
    __cxa_finalize                            - Undefined Weak Reference
    __sigvec_lookup                           - Undefined Weak Reference
    _atexit_init                              - Undefined Weak Reference
    _call_atexit_fns                          - Undefined Weak Reference
    _clock_init                               - Undefined Weak Reference
    _fp_trap_init                             - Undefined Weak Reference
    _fp_trap_shutdown                         - Undefined Weak Reference
    _get_lc_collate                           - Undefined Weak Reference
    _get_lc_ctype                             - Undefined Weak Reference
    _get_lc_monetary                          - Undefined Weak Reference
    _get_lc_time                              - Undefined Weak Reference
    _getenv_init                              - Undefined Weak Reference
    _handle_redirection                       - Undefined Weak Reference
    _init_alloc                               - Undefined Weak Reference
    _init_user_alloc                          - Undefined Weak Reference
    _initio                                   - Undefined Weak Reference
    _printf_post_padding                      - Undefined Weak Reference
    _printf_pre_padding                       - Undefined Weak Reference
    _rand_init                                - Undefined Weak Reference
    _signal_finish                            - Undefined Weak Reference
    _signal_init                              - Undefined Weak Reference
    _terminate_alloc                          - Undefined Weak Reference
    _terminate_user_alloc                     - Undefined Weak Reference
    _terminateio                              - Undefined Weak Reference
    __Vectors_Size                           0x00000188   Number         0  startup_stm32f407xx.o ABSOLUTE
    __Vectors                                0x08000000   Data           4  startup_stm32f407xx.o(RESET)
    __Vectors_End                            0x08000188   Data           0  startup_stm32f407xx.o(RESET)
    __main                                   0x08000189   Thumb Code     8  __main.o(!!!main)
    __scatterload                            0x08000191   Thumb Code     0  __scatter.o(!!!scatter)
    __scatterload_rt2                        0x08000191   Thumb Code    44  __scatter.o(!!!scatter)
    __scatterload_rt2_thumb_only             0x08000191   Thumb Code     0  __scatter.o(!!!scatter)
    __scatterload_null                       0x0800019f   Thumb Code     0  __scatter.o(!!!scatter)
    __scatterload_copy                       0x080001c5   Thumb Code    26  __scatter_copy.o(!!handler_copy)
    __scatterload_zeroinit                   0x080001e1   Thumb Code    28  __scatter_zi.o(!!handler_zi)
    _printf_f                                0x080001fd   Thumb Code     0  _printf_f.o(.ARM.Collect$$_printf_percent$$00000003)
    _printf_percent                          0x080001fd   Thumb Code     0  _printf_percent.o(.ARM.Collect$$_printf_percent$$00000000)
    _printf_percent_end                      0x08000203   Thumb Code     0  _printf_percent_end.o(.ARM.Collect$$_printf_percent$$00000017)
    __rt_lib_init                            0x08000207   Thumb Code     0  libinit.o(.ARM.Collect$$libinit$$00000000)
    __rt_lib_init_fp_1                       0x08000209   Thumb Code     0  libinit2.o(.ARM.Collect$$libinit$$00000001)
    __rt_lib_init_heap_1                     0x0800020d   Thumb Code     0  libinit2.o(.ARM.Collect$$libinit$$0000000A)
    __rt_lib_init_lc_common                  0x0800020d   Thumb Code     0  libinit2.o(.ARM.Collect$$libinit$$0000000F)
    __rt_lib_init_preinit_1                  0x0800020d   Thumb Code     0  libinit2.o(.ARM.Collect$$libinit$$00000004)
    __rt_lib_init_rand_1                     0x0800020d   Thumb Code     0  libinit2.o(.ARM.Collect$$libinit$$0000000E)
    __rt_lib_init_user_alloc_1               0x0800020d   Thumb Code     0  libinit2.o(.ARM.Collect$$libinit$$0000000C)
    __rt_lib_init_lc_collate_1               0x08000213   Thumb Code     0  libinit2.o(.ARM.Collect$$libinit$$00000011)
    __rt_lib_init_lc_ctype_1                 0x08000213   Thumb Code     0  libinit2.o(.ARM.Collect$$libinit$$00000013)
    __rt_lib_init_lc_monetary_1              0x08000213   Thumb Code     0  libinit2.o(.ARM.Collect$$libinit$$00000015)
    __rt_lib_init_lc_numeric_2               0x08000213   Thumb Code     0  libinit2.o(.ARM.Collect$$libinit$$00000016)
    __rt_lib_init_alloca_1                   0x0800021d   Thumb Code     0  libinit2.o(.ARM.Collect$$libinit$$0000002E)
    __rt_lib_init_argv_1                     0x0800021d   Thumb Code     0  libinit2.o(.ARM.Collect$$libinit$$0000002C)
    __rt_lib_init_atexit_1                   0x0800021d   Thumb Code     0  libinit2.o(.ARM.Collect$$libinit$$0000001B)
    __rt_lib_init_clock_1                    0x0800021d   Thumb Code     0  libinit2.o(.ARM.Collect$$libinit$$00000021)
    __rt_lib_init_cpp_1                      0x0800021d   Thumb Code     0  libinit2.o(.ARM.Collect$$libinit$$00000032)
    __rt_lib_init_exceptions_1               0x0800021d   Thumb Code     0  libinit2.o(.ARM.Collect$$libinit$$00000030)
    __rt_lib_init_fp_trap_1                  0x0800021d   Thumb Code     0  libinit2.o(.ARM.Collect$$libinit$$0000001F)
    __rt_lib_init_getenv_1                   0x0800021d   Thumb Code     0  libinit2.o(.ARM.Collect$$libinit$$00000023)
    __rt_lib_init_lc_numeric_1               0x0800021d   Thumb Code     0  libinit2.o(.ARM.Collect$$libinit$$00000017)
    __rt_lib_init_lc_time_1                  0x0800021d   Thumb Code     0  libinit2.o(.ARM.Collect$$libinit$$00000019)
    __rt_lib_init_return                     0x0800021d   Thumb Code     0  libinit2.o(.ARM.Collect$$libinit$$00000033)
    __rt_lib_init_signal_1                   0x0800021d   Thumb Code     0  libinit2.o(.ARM.Collect$$libinit$$0000001D)
    __rt_lib_init_stdio_1                    0x0800021d   Thumb Code     0  libinit2.o(.ARM.Collect$$libinit$$00000025)
    __rt_lib_shutdown                        0x0800021f   Thumb Code     0  libshutdown.o(.ARM.Collect$$libshutdown$$00000000)
    __rt_lib_shutdown_cpp_1                  0x08000221   Thumb Code     0  libshutdown2.o(.ARM.Collect$$libshutdown$$00000002)
    __rt_lib_shutdown_fp_trap_1              0x08000221   Thumb Code     0  libshutdown2.o(.ARM.Collect$$libshutdown$$00000007)
    __rt_lib_shutdown_heap_1                 0x08000221   Thumb Code     0  libshutdown2.o(.ARM.Collect$$libshutdown$$0000000F)
    __rt_lib_shutdown_return                 0x08000221   Thumb Code     0  libshutdown2.o(.ARM.Collect$$libshutdown$$00000010)
    __rt_lib_shutdown_signal_1               0x08000221   Thumb Code     0  libshutdown2.o(.ARM.Collect$$libshutdown$$0000000A)
    __rt_lib_shutdown_stdio_1                0x08000221   Thumb Code     0  libshutdown2.o(.ARM.Collect$$libshutdown$$00000004)
    __rt_lib_shutdown_user_alloc_1           0x08000221   Thumb Code     0  libshutdown2.o(.ARM.Collect$$libshutdown$$0000000C)
    __rt_entry                               0x08000223   Thumb Code     0  __rtentry.o(.ARM.Collect$$rtentry$$00000000)
    __rt_entry_presh_1                       0x08000223   Thumb Code     0  __rtentry2.o(.ARM.Collect$$rtentry$$00000002)
    __rt_entry_sh                            0x08000223   Thumb Code     0  __rtentry4.o(.ARM.Collect$$rtentry$$00000004)
    __rt_entry_li                            0x08000229   Thumb Code     0  __rtentry2.o(.ARM.Collect$$rtentry$$0000000A)
    __rt_entry_postsh_1                      0x08000229   Thumb Code     0  __rtentry2.o(.ARM.Collect$$rtentry$$00000009)
    __rt_entry_main                          0x0800022d   Thumb Code     0  __rtentry2.o(.ARM.Collect$$rtentry$$0000000D)
    __rt_entry_postli_1                      0x0800022d   Thumb Code     0  __rtentry2.o(.ARM.Collect$$rtentry$$0000000C)
    __rt_exit                                0x08000235   Thumb Code     0  rtexit.o(.ARM.Collect$$rtexit$$00000000)
    __rt_exit_ls                             0x08000237   Thumb Code     0  rtexit2.o(.ARM.Collect$$rtexit$$00000003)
    __rt_exit_prels_1                        0x08000237   Thumb Code     0  rtexit2.o(.ARM.Collect$$rtexit$$00000002)
    __rt_exit_exit                           0x0800023b   Thumb Code     0  rtexit2.o(.ARM.Collect$$rtexit$$00000004)
    Reset_Handler                            0x08000241   Thumb Code     8  startup_stm32f407xx.o(.text)
    NMI_Handler                              0x08000249   Thumb Code     2  startup_stm32f407xx.o(.text)
    HardFault_Handler                        0x0800024b   Thumb Code     2  startup_stm32f407xx.o(.text)
    MemManage_Handler                        0x0800024d   Thumb Code     2  startup_stm32f407xx.o(.text)
    BusFault_Handler                         0x0800024f   Thumb Code     2  startup_stm32f407xx.o(.text)
    UsageFault_Handler                       0x08000251   Thumb Code     2  startup_stm32f407xx.o(.text)
    SVC_Handler                              0x08000253   Thumb Code     2  startup_stm32f407xx.o(.text)
    DebugMon_Handler                         0x08000255   Thumb Code     2  startup_stm32f407xx.o(.text)
    PendSV_Handler                           0x08000257   Thumb Code     2  startup_stm32f407xx.o(.text)
    ADC_IRQHandler                           0x0800025b   Thumb Code     0  startup_stm32f407xx.o(.text)
    CAN1_RX0_IRQHandler                      0x0800025b   Thumb Code     0  startup_stm32f407xx.o(.text)
    CAN1_RX1_IRQHandler                      0x0800025b   Thumb Code     0  startup_stm32f407xx.o(.text)
    CAN1_SCE_IRQHandler                      0x0800025b   Thumb Code     0  startup_stm32f407xx.o(.text)
    CAN1_TX_IRQHandler                       0x0800025b   Thumb Code     0  startup_stm32f407xx.o(.text)
    CAN2_RX0_IRQHandler                      0x0800025b   Thumb Code     0  startup_stm32f407xx.o(.text)
    CAN2_RX1_IRQHandler                      0x0800025b   Thumb Code     0  startup_stm32f407xx.o(.text)
    CAN2_SCE_IRQHandler                      0x0800025b   Thumb Code     0  startup_stm32f407xx.o(.text)
    CAN2_TX_IRQHandler                       0x0800025b   Thumb Code     0  startup_stm32f407xx.o(.text)
    DCMI_IRQHandler                          0x0800025b   Thumb Code     0  startup_stm32f407xx.o(.text)
    DMA1_Stream0_IRQHandler                  0x0800025b   Thumb Code     0  startup_stm32f407xx.o(.text)
    DMA1_Stream1_IRQHandler                  0x0800025b   Thumb Code     0  startup_stm32f407xx.o(.text)
    DMA1_Stream2_IRQHandler                  0x0800025b   Thumb Code     0  startup_stm32f407xx.o(.text)
    DMA1_Stream3_IRQHandler                  0x0800025b   Thumb Code     0  startup_stm32f407xx.o(.text)
    DMA1_Stream4_IRQHandler                  0x0800025b   Thumb Code     0  startup_stm32f407xx.o(.text)
    DMA1_Stream5_IRQHandler                  0x0800025b   Thumb Code     0  startup_stm32f407xx.o(.text)
    DMA1_Stream6_IRQHandler                  0x0800025b   Thumb Code     0  startup_stm32f407xx.o(.text)
    DMA1_Stream7_IRQHandler                  0x0800025b   Thumb Code     0  startup_stm32f407xx.o(.text)
    DMA2_Stream0_IRQHandler                  0x0800025b   Thumb Code     0  startup_stm32f407xx.o(.text)
    DMA2_Stream1_IRQHandler                  0x0800025b   Thumb Code     0  startup_stm32f407xx.o(.text)
    DMA2_Stream2_IRQHandler                  0x0800025b   Thumb Code     0  startup_stm32f407xx.o(.text)
    DMA2_Stream3_IRQHandler                  0x0800025b   Thumb Code     0  startup_stm32f407xx.o(.text)
    DMA2_Stream4_IRQHandler                  0x0800025b   Thumb Code     0  startup_stm32f407xx.o(.text)
    DMA2_Stream5_IRQHandler                  0x0800025b   Thumb Code     0  startup_stm32f407xx.o(.text)
    DMA2_Stream6_IRQHandler                  0x0800025b   Thumb Code     0  startup_stm32f407xx.o(.text)
    DMA2_Stream7_IRQHandler                  0x0800025b   Thumb Code     0  startup_stm32f407xx.o(.text)
    ETH_IRQHandler                           0x0800025b   Thumb Code     0  startup_stm32f407xx.o(.text)
    ETH_WKUP_IRQHandler                      0x0800025b   Thumb Code     0  startup_stm32f407xx.o(.text)
    EXTI0_IRQHandler                         0x0800025b   Thumb Code     0  startup_stm32f407xx.o(.text)
    EXTI15_10_IRQHandler                     0x0800025b   Thumb Code     0  startup_stm32f407xx.o(.text)
    EXTI1_IRQHandler                         0x0800025b   Thumb Code     0  startup_stm32f407xx.o(.text)
    EXTI2_IRQHandler                         0x0800025b   Thumb Code     0  startup_stm32f407xx.o(.text)
    EXTI3_IRQHandler                         0x0800025b   Thumb Code     0  startup_stm32f407xx.o(.text)
    EXTI4_IRQHandler                         0x0800025b   Thumb Code     0  startup_stm32f407xx.o(.text)
    EXTI9_5_IRQHandler                       0x0800025b   Thumb Code     0  startup_stm32f407xx.o(.text)
    FLASH_IRQHandler                         0x0800025b   Thumb Code     0  startup_stm32f407xx.o(.text)
    FMC_IRQHandler                           0x0800025b   Thumb Code     0  startup_stm32f407xx.o(.text)
    FPU_IRQHandler                           0x0800025b   Thumb Code     0  startup_stm32f407xx.o(.text)
    HASH_RNG_IRQHandler                      0x0800025b   Thumb Code     0  startup_stm32f407xx.o(.text)
    I2C1_ER_IRQHandler                       0x0800025b   Thumb Code     0  startup_stm32f407xx.o(.text)
    I2C1_EV_IRQHandler                       0x0800025b   Thumb Code     0  startup_stm32f407xx.o(.text)
    I2C2_ER_IRQHandler                       0x0800025b   Thumb Code     0  startup_stm32f407xx.o(.text)
    I2C2_EV_IRQHandler                       0x0800025b   Thumb Code     0  startup_stm32f407xx.o(.text)
    I2C3_ER_IRQHandler                       0x0800025b   Thumb Code     0  startup_stm32f407xx.o(.text)
    I2C3_EV_IRQHandler                       0x0800025b   Thumb Code     0  startup_stm32f407xx.o(.text)
    OTG_FS_IRQHandler                        0x0800025b   Thumb Code     0  startup_stm32f407xx.o(.text)
    OTG_FS_WKUP_IRQHandler                   0x0800025b   Thumb Code     0  startup_stm32f407xx.o(.text)
    OTG_HS_EP1_IN_IRQHandler                 0x0800025b   Thumb Code     0  startup_stm32f407xx.o(.text)
    OTG_HS_EP1_OUT_IRQHandler                0x0800025b   Thumb Code     0  startup_stm32f407xx.o(.text)
    OTG_HS_IRQHandler                        0x0800025b   Thumb Code     0  startup_stm32f407xx.o(.text)
    OTG_HS_WKUP_IRQHandler                   0x0800025b   Thumb Code     0  startup_stm32f407xx.o(.text)
    PVD_IRQHandler                           0x0800025b   Thumb Code     0  startup_stm32f407xx.o(.text)
    RCC_IRQHandler                           0x0800025b   Thumb Code     0  startup_stm32f407xx.o(.text)
    RTC_Alarm_IRQHandler                     0x0800025b   Thumb Code     0  startup_stm32f407xx.o(.text)
    RTC_WKUP_IRQHandler                      0x0800025b   Thumb Code     0  startup_stm32f407xx.o(.text)
    SDIO_IRQHandler                          0x0800025b   Thumb Code     0  startup_stm32f407xx.o(.text)
    SPI1_IRQHandler                          0x0800025b   Thumb Code     0  startup_stm32f407xx.o(.text)
    SPI2_IRQHandler                          0x0800025b   Thumb Code     0  startup_stm32f407xx.o(.text)
    SPI3_IRQHandler                          0x0800025b   Thumb Code     0  startup_stm32f407xx.o(.text)
    TAMP_STAMP_IRQHandler                    0x0800025b   Thumb Code     0  startup_stm32f407xx.o(.text)
    TIM1_BRK_TIM9_IRQHandler                 0x0800025b   Thumb Code     0  startup_stm32f407xx.o(.text)
    TIM1_CC_IRQHandler                       0x0800025b   Thumb Code     0  startup_stm32f407xx.o(.text)
    TIM1_TRG_COM_TIM11_IRQHandler            0x0800025b   Thumb Code     0  startup_stm32f407xx.o(.text)
    TIM1_UP_TIM10_IRQHandler                 0x0800025b   Thumb Code     0  startup_stm32f407xx.o(.text)
    TIM2_IRQHandler                          0x0800025b   Thumb Code     0  startup_stm32f407xx.o(.text)
    TIM3_IRQHandler                          0x0800025b   Thumb Code     0  startup_stm32f407xx.o(.text)
    TIM4_IRQHandler                          0x0800025b   Thumb Code     0  startup_stm32f407xx.o(.text)
    TIM5_IRQHandler                          0x0800025b   Thumb Code     0  startup_stm32f407xx.o(.text)
    TIM6_DAC_IRQHandler                      0x0800025b   Thumb Code     0  startup_stm32f407xx.o(.text)
    TIM7_IRQHandler                          0x0800025b   Thumb Code     0  startup_stm32f407xx.o(.text)
    TIM8_BRK_TIM12_IRQHandler                0x0800025b   Thumb Code     0  startup_stm32f407xx.o(.text)
    TIM8_CC_IRQHandler                       0x0800025b   Thumb Code     0  startup_stm32f407xx.o(.text)
    TIM8_TRG_COM_TIM14_IRQHandler            0x0800025b   Thumb Code     0  startup_stm32f407xx.o(.text)
    TIM8_UP_TIM13_IRQHandler                 0x0800025b   Thumb Code     0  startup_stm32f407xx.o(.text)
    UART4_IRQHandler                         0x0800025b   Thumb Code     0  startup_stm32f407xx.o(.text)
    UART5_IRQHandler                         0x0800025b   Thumb Code     0  startup_stm32f407xx.o(.text)
    USART1_IRQHandler                        0x0800025b   Thumb Code     0  startup_stm32f407xx.o(.text)
    USART2_IRQHandler                        0x0800025b   Thumb Code     0  startup_stm32f407xx.o(.text)
    USART3_IRQHandler                        0x0800025b   Thumb Code     0  startup_stm32f407xx.o(.text)
    USART6_IRQHandler                        0x0800025b   Thumb Code     0  startup_stm32f407xx.o(.text)
    WWDG_IRQHandler                          0x0800025b   Thumb Code     0  startup_stm32f407xx.o(.text)
    __user_initial_stackheap                 0x0800025d   Thumb Code     0  startup_stm32f407xx.o(.text)
    __2sprintf                               0x08000281   Thumb Code    34  noretval__2sprintf.o(.text)
    __printf                                 0x080002a9   Thumb Code   104  __printf.o(.text)
    __use_two_region_memory                  0x08000311   Thumb Code     2  heapauxi.o(.text)
    __rt_heap_escrow$2region                 0x08000313   Thumb Code     2  heapauxi.o(.text)
    __rt_heap_expand$2region                 0x08000315   Thumb Code     2  heapauxi.o(.text)
    __read_errno                             0x08000317   Thumb Code    10  _rserrno.o(.text)
    __set_errno                              0x08000321   Thumb Code    12  _rserrno.o(.text)
    __lib_sel_fp_printf                      0x0800032d   Thumb Code     2  _printf_fp_dec.o(.text)
    _printf_fp_dec_real                      0x080004df   Thumb Code   620  _printf_fp_dec.o(.text)
    _printf_char_common                      0x08000757   Thumb Code    32  _printf_char_common.o(.text)
    _sputc                                   0x0800077d   Thumb Code    10  _sputc.o(.text)
    __rt_locale                              0x08000789   Thumb Code     8  rt_locale_intlibspace.o(.text)
    __aeabi_errno_addr                       0x08000791   Thumb Code     8  rt_errno_addr_intlibspace.o(.text)
    __errno$intlibspace                      0x08000791   Thumb Code     0  rt_errno_addr_intlibspace.o(.text)
    __rt_errno_addr$intlibspace              0x08000791   Thumb Code     0  rt_errno_addr_intlibspace.o(.text)
    _ll_udiv10                               0x08000799   Thumb Code   138  lludiv10.o(.text)
    _printf_fp_infnan                        0x08000825   Thumb Code   112  _printf_fp_infnan.o(.text)
    _btod_etento                             0x080008a5   Thumb Code   224  bigflt0.o(.text)
    __user_libspace                          0x08000989   Thumb Code     8  libspace.o(.text)
    __user_perproc_libspace                  0x08000989   Thumb Code     0  libspace.o(.text)
    __user_perthread_libspace                0x08000989   Thumb Code     0  libspace.o(.text)
    __user_setup_stackheap                   0x08000991   Thumb Code    74  sys_stackheap_outer.o(.text)
    exit                                     0x080009db   Thumb Code    18  exit.o(.text)
    strcmp                                   0x080009ed   Thumb Code   128  strcmpv7m.o(.text)
    _sys_exit                                0x08000a6d   Thumb Code     8  sys_exit.o(.text)
    __I$use$semihosting                      0x08000a79   Thumb Code     0  use_no_semi.o(.text)
    __use_no_semihosting_swi                 0x08000a79   Thumb Code     2  use_no_semi.o(.text)
    __semihosting_library_function           0x08000a7b   Thumb Code     0  indicate_semi.o(.text)
    _btod_d2e                                0x08000a7b   Thumb Code    62  btod.o(CL$$btod_d2e)
    _d2e_denorm_low                          0x08000ab9   Thumb Code    70  btod.o(CL$$btod_d2e_denorm_low)
    _d2e_norm_op1                            0x08000aff   Thumb Code    96  btod.o(CL$$btod_d2e_norm_op1)
    __btod_div_common                        0x08000b5f   Thumb Code   696  btod.o(CL$$btod_div_common)
    _e2e                                     0x08000e97   Thumb Code   220  btod.o(CL$$btod_e2e)
    _btod_ediv                               0x08000f73   Thumb Code    42  btod.o(CL$$btod_ediv)
    _btod_emul                               0x08000f9d   Thumb Code    42  btod.o(CL$$btod_emul)
    __btod_mult_common                       0x08000fc7   Thumb Code   580  btod.o(CL$$btod_mult_common)
    ADC_init                                 0x0800120d   Thumb Code   164  adc.o(i.ADC_init)
    GPIO_Init                                0x080012c1   Thumb Code    34  ili9341.o(i.GPIO_Init)
    ILI9341_DrawChar                         0x080012ed   Thumb Code   250  ili9341.o(i.ILI9341_DrawChar)
    ILI9341_DrawString                       0x080013ed   Thumb Code    78  ili9341.o(i.ILI9341_DrawString)
    ILI9341_Fill                             0x0800143d   Thumb Code    94  ili9341.o(i.ILI9341_Fill)
    ILI9341_Init                             0x080014a1   Thumb Code   310  ili9341.o(i.ILI9341_Init)
    ILI9341_SendCommand                      0x080015dd   Thumb Code    52  ili9341.o(i.ILI9341_SendCommand)
    ILI9341_SendData                         0x08001615   Thumb Code    52  ili9341.o(i.ILI9341_SendData)
    ILI9341_SetCursorPosition                0x0800164d   Thumb Code    82  ili9341.o(i.ILI9341_SetCursorPosition)
    ILI9341_setRotation                      0x080016a1   Thumb Code   126  ili9341.o(i.ILI9341_setRotation)
    SysTick_Handler                          0x080017c5   Thumb Code    24  delay.o(i.SysTick_Handler)
    SystemCoreClockUpdate                    0x080017e1   Thumb Code   170  system_stm32f4xx.o(i.SystemCoreClockUpdate)
    SystemInit                               0x080018a1   Thumb Code    88  system_stm32f4xx.o(i.SystemInit)
    __ARM_fpclassify                         0x08001909   Thumb Code    48  fpclassify.o(i.__ARM_fpclassify)
    __hardfp_asin                            0x08001939   Thumb Code   770  asin.o(i.__hardfp_asin)
    __hardfp_sqrt                            0x08001c99   Thumb Code   122  sqrt.o(i.__hardfp_sqrt)
    __kernel_poly                            0x08001d13   Thumb Code   248  poly.o(i.__kernel_poly)
    __mathlib_dbl_infnan                     0x08001e0b   Thumb Code    20  dunder.o(i.__mathlib_dbl_infnan)
    __mathlib_dbl_invalid                    0x08001e21   Thumb Code    24  dunder.o(i.__mathlib_dbl_invalid)
    __mathlib_dbl_underflow                  0x08001e41   Thumb Code    24  dunder.o(i.__mathlib_dbl_underflow)
    calcVI                                   0x08001e61   Thumb Code  1288  vi.o(i.calcVI)
    delay                                    0x08002391   Thumb Code    24  delay.o(i.delay)
    delayuS                                  0x080023a9   Thumb Code    50  delay.o(i.delayuS)
    fabs                                     0x080023e1   Thumb Code    24  fabs.o(i.fabs)
    getIrms                                  0x080023f9   Thumb Code     8  vi.o(i.getIrms)
    getRealPower                             0x08002405   Thumb Code    30  vi.o(i.getRealPower)
    getVrms                                  0x08002431   Thumb Code     8  vi.o(i.getVrms)
    getapparentPower                         0x0800243d   Thumb Code     8  vi.o(i.getapparentPower)
    getpowerFactor                           0x08002449   Thumb Code     8  vi.o(i.getpowerFactor)
    main                                     0x08002455   Thumb Code   388  main.o(i.main)
    millis                                   0x08002635   Thumb Code    16  delay.o(i.millis)
    readADCCurrent                           0x08002661   Thumb Code    38  adc.o(i.readADCCurrent)
    readADCVolt                              0x08002691   Thumb Code    36  adc.o(i.readADCVolt)
    spi_init                                 0x08002731   Thumb Code   110  spi.o(i.spi_init)
    spi_write                                0x080027b1   Thumb Code    34  spi.o(i.spi_write)
    sqrt                                     0x080027d9   Thumb Code   110  sqrt.o(i.sqrt)
    systick_init                             0x08002849   Thumb Code    52  delay.o(i.systick_init)
    _get_lc_numeric                          0x08002889   Thumb Code    44  lc_numeric_c.o(locale$$code)
    __aeabi_dneg                             0x080028b5   Thumb Code     0  basic.o(x$fpl$basic)
    _dneg                                    0x080028b5   Thumb Code     6  basic.o(x$fpl$basic)
    __aeabi_fneg                             0x080028bb   Thumb Code     0  basic.o(x$fpl$basic)
    _fneg                                    0x080028bb   Thumb Code     6  basic.o(x$fpl$basic)
    _dabs                                    0x080028c1   Thumb Code     6  basic.o(x$fpl$basic)
    _fabs                                    0x080028c7   Thumb Code     6  basic.o(x$fpl$basic)
    __aeabi_dadd                             0x080028cd   Thumb Code     0  daddsub_clz.o(x$fpl$dadd)
    _dadd                                    0x080028cd   Thumb Code   332  daddsub_clz.o(x$fpl$dadd)
    __fpl_dcmp_Inf                           0x08002a1d   Thumb Code    24  dcmpi.o(x$fpl$dcmpinf)
    __aeabi_ddiv                             0x08002a35   Thumb Code     0  ddiv.o(x$fpl$ddiv)
    _ddiv                                    0x08002a35   Thumb Code   552  ddiv.o(x$fpl$ddiv)
    __aeabi_i2d                              0x08002ce5   Thumb Code     0  dflt_clz.o(x$fpl$dflt)
    _dflt                                    0x08002ce5   Thumb Code    46  dflt_clz.o(x$fpl$dflt)
    __aeabi_ui2d                             0x08002d13   Thumb Code     0  dflt_clz.o(x$fpl$dfltu)
    _dfltu                                   0x08002d13   Thumb Code    38  dflt_clz.o(x$fpl$dfltu)
    __aeabi_cdcmple                          0x08002d39   Thumb Code     0  dleqf.o(x$fpl$dleqf)
    _dcmple                                  0x08002d39   Thumb Code   120  dleqf.o(x$fpl$dleqf)
    __fpl_dcmple_InfNaN                      0x08002d9b   Thumb Code     0  dleqf.o(x$fpl$dleqf)
    __aeabi_dmul                             0x08002db1   Thumb Code     0  dmul.o(x$fpl$dmul)
    _dmul                                    0x08002db1   Thumb Code   332  dmul.o(x$fpl$dmul)
    __fpl_dnaninf                            0x08002f05   Thumb Code   156  dnaninf.o(x$fpl$dnaninf)
    __fpl_dretinf                            0x08002fa1   Thumb Code    12  dretinf.o(x$fpl$dretinf)
    __aeabi_cdrcmple                         0x08002fad   Thumb Code     0  drleqf.o(x$fpl$drleqf)
    _drcmple                                 0x08002fad   Thumb Code   108  drleqf.o(x$fpl$drleqf)
    __aeabi_drsub                            0x08003019   Thumb Code     0  daddsub_clz.o(x$fpl$drsb)
    _drsb                                    0x08003019   Thumb Code    22  daddsub_clz.o(x$fpl$drsb)
    _dsqrt                                   0x08003031   Thumb Code   404  dsqrt_umaal.o(x$fpl$dsqrt)
    __aeabi_dsub                             0x080031c9   Thumb Code     0  daddsub_clz.o(x$fpl$dsub)
    _dsub                                    0x080031c9   Thumb Code   464  daddsub_clz.o(x$fpl$dsub)
    _fp_init                                 0x0800339d   Thumb Code    10  fpinit.o(x$fpl$fpinit)
    __fplib_config_fpu_vfp                   0x080033a5   Thumb Code     0  fpinit.o(x$fpl$fpinit)
    __fplib_config_pureend_doubles           0x080033a5   Thumb Code     0  fpinit.o(x$fpl$fpinit)
    _printf_fp_dec                           0x080033a7   Thumb Code     4  printf1.o(x$fpl$printf1)
    __I$use$fp                               0x080033aa   Number         0  usenofp.o(x$fpl$usenofp)
    AHBPrescTable                            0x080038aa   Data          16  system_stm32f4xx.o(.constdata)
    Region$$Table$$Base                      0x080039a4   Number         0  anon$$obj.o(Region$$Table)
    Region$$Table$$Limit                     0x080039c4   Number         0  anon$$obj.o(Region$$Table)
    variable                                 0x20000000   Data           4  main.o(.data)
    x                                        0x20000004   Data           4  main.o(.data)
    data                                     0x20000008   Data           8  main.o(.data)
    milli                                    0x20000010   Data           8  delay.o(.data)
    returnmillis                             0x20000018   Data           4  delay.o(.data)
    startV                                   0x20000020   Data           2  vi.o(.data)
    sampleV                                  0x20000024   Data           4  vi.o(.data)
    sampleI                                  0x20000028   Data           4  vi.o(.data)
    SupplyVoltage                            0x2000002c   Data           4  vi.o(.data)
    crossCount                               0x20000030   Data           4  vi.o(.data)
    numberOfSamples                          0x20000034   Data           4  vi.o(.data)
    start                                    0x20000038   Data           4  vi.o(.data)
    ICAL                                     0x20000040   Data           8  vi.o(.data)
    lastFilteredV                            0x20000048   Data           8  vi.o(.data)
    filteredV                                0x20000050   Data           8  vi.o(.data)
    filteredI                                0x20000058   Data           8  vi.o(.data)
    offsetV                                  0x20000060   Data           8  vi.o(.data)
    offsetI                                  0x20000068   Data           8  vi.o(.data)
    phaseShiftedV                            0x20000070   Data           8  vi.o(.data)
    sqV                                      0x20000078   Data           8  vi.o(.data)
    sumV                                     0x20000080   Data           8  vi.o(.data)
    sqI                                      0x20000088   Data           8  vi.o(.data)
    sumI                                     0x20000090   Data           8  vi.o(.data)
    instP                                    0x20000098   Data           8  vi.o(.data)
    sumP                                     0x200000a0   Data           8  vi.o(.data)
    lastVCross                               0x200000a8   Data           1  vi.o(.data)
    checkVCross                              0x200000a9   Data           1  vi.o(.data)
    realPower                                0x200000b0   Data           8  vi.o(.data)
    apparentPower                            0x200000b8   Data           8  vi.o(.data)
    powerFactor                              0x200000c0   Data           8  vi.o(.data)
    Vrms                                     0x200000c8   Data           8  vi.o(.data)
    Irms                                     0x200000d0   Data           8  vi.o(.data)
    adcValue1                                0x200000d8   Data           2  adc.o(.data)
    adcValue2                                0x200000da   Data           2  adc.o(.data)
    SystemCoreClock                          0x200000e0   Data           4  system_stm32f4xx.o(.data)
    __libspace_start                         0x200000e4   Data          96  libspace.o(.bss)
    __temporary_stack_top$libspace           0x20000144   Data           0  libspace.o(.bss)



==============================================================================

Memory Map of the image

  Image Entry point : 0x08000189

  Load Region LR_IROM1 (Base: 0x08000000, Size: 0x00003ac4, Max: 0x00080000, ABSOLUTE)

    Execution Region ER_IROM1 (Exec base: 0x08000000, Load base: 0x08000000, Size: 0x000039e0, Max: 0x00080000, ABSOLUTE)

    Exec Addr    Load Addr    Size         Type   Attr      Idx    E Section Name        Object

    0x08000000   0x08000000   0x00000188   Data   RO          439    RESET               startup_stm32f407xx.o
    0x08000188   0x08000188   0x00000008   Code   RO          519  * !!!main             c_w.l(__main.o)
    0x08000190   0x08000190   0x00000034   Code   RO          818    !!!scatter          c_w.l(__scatter.o)
    0x080001c4   0x080001c4   0x0000001a   Code   RO          820    !!handler_copy      c_w.l(__scatter_copy.o)
    0x080001de   0x080001de   0x00000002   PAD
    0x080001e0   0x080001e0   0x0000001c   Code   RO          822    !!handler_zi        c_w.l(__scatter_zi.o)
    0x080001fc   0x080001fc   0x00000000   Code   RO          516    .ARM.Collect$$_printf_percent$$00000000  c_w.l(_printf_percent.o)
    0x080001fc   0x080001fc   0x00000006   Code   RO          515    .ARM.Collect$$_printf_percent$$00000003  c_w.l(_printf_f.o)
    0x08000202   0x08000202   0x00000004   Code   RO          580    .ARM.Collect$$_printf_percent$$00000017  c_w.l(_printf_percent_end.o)
    0x08000206   0x08000206   0x00000002   Code   RO          691    .ARM.Collect$$libinit$$00000000  c_w.l(libinit.o)
    0x08000208   0x08000208   0x00000004   Code   RO          692    .ARM.Collect$$libinit$$00000001  c_w.l(libinit2.o)
    0x0800020c   0x0800020c   0x00000000   Code   RO          695    .ARM.Collect$$libinit$$00000004  c_w.l(libinit2.o)
    0x0800020c   0x0800020c   0x00000000   Code   RO          698    .ARM.Collect$$libinit$$0000000A  c_w.l(libinit2.o)
    0x0800020c   0x0800020c   0x00000000   Code   RO          700    .ARM.Collect$$libinit$$0000000C  c_w.l(libinit2.o)
    0x0800020c   0x0800020c   0x00000000   Code   RO          702    .ARM.Collect$$libinit$$0000000E  c_w.l(libinit2.o)
    0x0800020c   0x0800020c   0x00000006   Code   RO          703    .ARM.Collect$$libinit$$0000000F  c_w.l(libinit2.o)
    0x08000212   0x08000212   0x00000000   Code   RO          705    .ARM.Collect$$libinit$$00000011  c_w.l(libinit2.o)
    0x08000212   0x08000212   0x00000000   Code   RO          707    .ARM.Collect$$libinit$$00000013  c_w.l(libinit2.o)
    0x08000212   0x08000212   0x00000000   Code   RO          709    .ARM.Collect$$libinit$$00000015  c_w.l(libinit2.o)
    0x08000212   0x08000212   0x0000000a   Code   RO          710    .ARM.Collect$$libinit$$00000016  c_w.l(libinit2.o)
    0x0800021c   0x0800021c   0x00000000   Code   RO          711    .ARM.Collect$$libinit$$00000017  c_w.l(libinit2.o)
    0x0800021c   0x0800021c   0x00000000   Code   RO          713    .ARM.Collect$$libinit$$00000019  c_w.l(libinit2.o)
    0x0800021c   0x0800021c   0x00000000   Code   RO          715    .ARM.Collect$$libinit$$0000001B  c_w.l(libinit2.o)
    0x0800021c   0x0800021c   0x00000000   Code   RO          717    .ARM.Collect$$libinit$$0000001D  c_w.l(libinit2.o)
    0x0800021c   0x0800021c   0x00000000   Code   RO          719    .ARM.Collect$$libinit$$0000001F  c_w.l(libinit2.o)
    0x0800021c   0x0800021c   0x00000000   Code   RO          721    .ARM.Collect$$libinit$$00000021  c_w.l(libinit2.o)
    0x0800021c   0x0800021c   0x00000000   Code   RO          723    .ARM.Collect$$libinit$$00000023  c_w.l(libinit2.o)
    0x0800021c   0x0800021c   0x00000000   Code   RO          725    .ARM.Collect$$libinit$$00000025  c_w.l(libinit2.o)
    0x0800021c   0x0800021c   0x00000000   Code   RO          729    .ARM.Collect$$libinit$$0000002C  c_w.l(libinit2.o)
    0x0800021c   0x0800021c   0x00000000   Code   RO          731    .ARM.Collect$$libinit$$0000002E  c_w.l(libinit2.o)
    0x0800021c   0x0800021c   0x00000000   Code   RO          733    .ARM.Collect$$libinit$$00000030  c_w.l(libinit2.o)
    0x0800021c   0x0800021c   0x00000000   Code   RO          735    .ARM.Collect$$libinit$$00000032  c_w.l(libinit2.o)
    0x0800021c   0x0800021c   0x00000002   Code   RO          736    .ARM.Collect$$libinit$$00000033  c_w.l(libinit2.o)
    0x0800021e   0x0800021e   0x00000002   Code   RO          766    .ARM.Collect$$libshutdown$$00000000  c_w.l(libshutdown.o)
    0x08000220   0x08000220   0x00000000   Code   RO          777    .ARM.Collect$$libshutdown$$00000002  c_w.l(libshutdown2.o)
    0x08000220   0x08000220   0x00000000   Code   RO          779    .ARM.Collect$$libshutdown$$00000004  c_w.l(libshutdown2.o)
    0x08000220   0x08000220   0x00000000   Code   RO          782    .ARM.Collect$$libshutdown$$00000007  c_w.l(libshutdown2.o)
    0x08000220   0x08000220   0x00000000   Code   RO          785    .ARM.Collect$$libshutdown$$0000000A  c_w.l(libshutdown2.o)
    0x08000220   0x08000220   0x00000000   Code   RO          787    .ARM.Collect$$libshutdown$$0000000C  c_w.l(libshutdown2.o)
    0x08000220   0x08000220   0x00000000   Code   RO          790    .ARM.Collect$$libshutdown$$0000000F  c_w.l(libshutdown2.o)
    0x08000220   0x08000220   0x00000002   Code   RO          791    .ARM.Collect$$libshutdown$$00000010  c_w.l(libshutdown2.o)
    0x08000222   0x08000222   0x00000000   Code   RO          571    .ARM.Collect$$rtentry$$00000000  c_w.l(__rtentry.o)
    0x08000222   0x08000222   0x00000000   Code   RO          617    .ARM.Collect$$rtentry$$00000002  c_w.l(__rtentry2.o)
    0x08000222   0x08000222   0x00000006   Code   RO          629    .ARM.Collect$$rtentry$$00000004  c_w.l(__rtentry4.o)
    0x08000228   0x08000228   0x00000000   Code   RO          619    .ARM.Collect$$rtentry$$00000009  c_w.l(__rtentry2.o)
    0x08000228   0x08000228   0x00000004   Code   RO          620    .ARM.Collect$$rtentry$$0000000A  c_w.l(__rtentry2.o)
    0x0800022c   0x0800022c   0x00000000   Code   RO          622    .ARM.Collect$$rtentry$$0000000C  c_w.l(__rtentry2.o)
    0x0800022c   0x0800022c   0x00000008   Code   RO          623    .ARM.Collect$$rtentry$$0000000D  c_w.l(__rtentry2.o)
    0x08000234   0x08000234   0x00000002   Code   RO          737    .ARM.Collect$$rtexit$$00000000  c_w.l(rtexit.o)
    0x08000236   0x08000236   0x00000000   Code   RO          744    .ARM.Collect$$rtexit$$00000002  c_w.l(rtexit2.o)
    0x08000236   0x08000236   0x00000004   Code   RO          745    .ARM.Collect$$rtexit$$00000003  c_w.l(rtexit2.o)
    0x0800023a   0x0800023a   0x00000006   Code   RO          746    .ARM.Collect$$rtexit$$00000004  c_w.l(rtexit2.o)
    0x08000240   0x08000240   0x00000040   Code   RO          440    .text               startup_stm32f407xx.o
    0x08000280   0x08000280   0x00000028   Code   RO          491    .text               c_w.l(noretval__2sprintf.o)
    0x080002a8   0x080002a8   0x00000068   Code   RO          493    .text               c_w.l(__printf.o)
    0x08000310   0x08000310   0x00000006   Code   RO          517    .text               c_w.l(heapauxi.o)
    0x08000316   0x08000316   0x00000016   Code   RO          572    .text               c_w.l(_rserrno.o)
    0x0800032c   0x0800032c   0x0000041e   Code   RO          574    .text               c_w.l(_printf_fp_dec.o)
    0x0800074a   0x0800074a   0x00000002   PAD
    0x0800074c   0x0800074c   0x00000030   Code   RO          576    .text               c_w.l(_printf_char_common.o)
    0x0800077c   0x0800077c   0x0000000a   Code   RO          578    .text               c_w.l(_sputc.o)
    0x08000786   0x08000786   0x00000002   PAD
    0x08000788   0x08000788   0x00000008   Code   RO          634    .text               c_w.l(rt_locale_intlibspace.o)
    0x08000790   0x08000790   0x00000008   Code   RO          639    .text               c_w.l(rt_errno_addr_intlibspace.o)
    0x08000798   0x08000798   0x0000008a   Code   RO          641    .text               c_w.l(lludiv10.o)
    0x08000822   0x08000822   0x00000002   PAD
    0x08000824   0x08000824   0x00000080   Code   RO          643    .text               c_w.l(_printf_fp_infnan.o)
    0x080008a4   0x080008a4   0x000000e4   Code   RO          647    .text               c_w.l(bigflt0.o)
    0x08000988   0x08000988   0x00000008   Code   RO          677    .text               c_w.l(libspace.o)
    0x08000990   0x08000990   0x0000004a   Code   RO          680    .text               c_w.l(sys_stackheap_outer.o)
    0x080009da   0x080009da   0x00000012   Code   RO          682    .text               c_w.l(exit.o)
    0x080009ec   0x080009ec   0x00000080   Code   RO          684    .text               c_w.l(strcmpv7m.o)
    0x08000a6c   0x08000a6c   0x0000000c   Code   RO          756    .text               c_w.l(sys_exit.o)
    0x08000a78   0x08000a78   0x00000002   Code   RO          767    .text               c_w.l(use_no_semi.o)
    0x08000a7a   0x08000a7a   0x00000000   Code   RO          769    .text               c_w.l(indicate_semi.o)
    0x08000a7a   0x08000a7a   0x0000003e   Code   RO          650    CL$$btod_d2e        c_w.l(btod.o)
    0x08000ab8   0x08000ab8   0x00000046   Code   RO          652    CL$$btod_d2e_denorm_low  c_w.l(btod.o)
    0x08000afe   0x08000afe   0x00000060   Code   RO          651    CL$$btod_d2e_norm_op1  c_w.l(btod.o)
    0x08000b5e   0x08000b5e   0x00000338   Code   RO          660    CL$$btod_div_common  c_w.l(btod.o)
    0x08000e96   0x08000e96   0x000000dc   Code   RO          657    CL$$btod_e2e        c_w.l(btod.o)
    0x08000f72   0x08000f72   0x0000002a   Code   RO          654    CL$$btod_ediv       c_w.l(btod.o)
    0x08000f9c   0x08000f9c   0x0000002a   Code   RO          653    CL$$btod_emul       c_w.l(btod.o)
    0x08000fc6   0x08000fc6   0x00000244   Code   RO          659    CL$$btod_mult_common  c_w.l(btod.o)
    0x0800120a   0x0800120a   0x00000002   PAD
    0x0800120c   0x0800120c   0x000000b4   Code   RO          204    i.ADC_init          adc.o
    0x080012c0   0x080012c0   0x0000002c   Code   RO          243    i.GPIO_Init         ili9341.o
    0x080012ec   0x080012ec   0x00000100   Code   RO          245    i.ILI9341_DrawChar  ili9341.o
    0x080013ec   0x080013ec   0x0000004e   Code   RO          247    i.ILI9341_DrawString  ili9341.o
    0x0800143a   0x0800143a   0x00000002   PAD
    0x0800143c   0x0800143c   0x00000064   Code   RO          248    i.ILI9341_Fill      ili9341.o
    0x080014a0   0x080014a0   0x0000013c   Code   RO          250    i.ILI9341_Init      ili9341.o
    0x080015dc   0x080015dc   0x00000038   Code   RO          251    i.ILI9341_SendCommand  ili9341.o
    0x08001614   0x08001614   0x00000038   Code   RO          252    i.ILI9341_SendData  ili9341.o
    0x0800164c   0x0800164c   0x00000052   Code   RO          253    i.ILI9341_SetCursorPosition  ili9341.o
    0x0800169e   0x0800169e   0x00000002   PAD
    0x080016a0   0x080016a0   0x00000084   Code   RO          261    i.ILI9341_setRotation  ili9341.o
    0x08001724   0x08001724   0x000000a0   Code   RO          447    i.SetSysClock       system_stm32f4xx.o
    0x080017c4   0x080017c4   0x0000001c   Code   RO           90    i.SysTick_Handler   delay.o
    0x080017e0   0x080017e0   0x000000c0   Code   RO          448    i.SystemCoreClockUpdate  system_stm32f4xx.o
    0x080018a0   0x080018a0   0x00000068   Code   RO          449    i.SystemInit        system_stm32f4xx.o
    0x08001908   0x08001908   0x00000030   Code   RO          612    i.__ARM_fpclassify  m_wm.l(fpclassify.o)
    0x08001938   0x08001938   0x00000360   Code   RO          545    i.__hardfp_asin     m_wm.l(asin.o)
    0x08001c98   0x08001c98   0x0000007a   Code   RO          559    i.__hardfp_sqrt     m_wm.l(sqrt.o)
    0x08001d12   0x08001d12   0x000000f8   Code   RO          614    i.__kernel_poly     m_wm.l(poly.o)
    0x08001e0a   0x08001e0a   0x00000014   Code   RO          593    i.__mathlib_dbl_infnan  m_wm.l(dunder.o)
    0x08001e1e   0x08001e1e   0x00000002   PAD
    0x08001e20   0x08001e20   0x00000020   Code   RO          595    i.__mathlib_dbl_invalid  m_wm.l(dunder.o)
    0x08001e40   0x08001e40   0x00000020   Code   RO          598    i.__mathlib_dbl_underflow  m_wm.l(dunder.o)
    0x08001e60   0x08001e60   0x00000530   Code   RO          142    i.calcVI            vi.o
    0x08002390   0x08002390   0x00000018   Code   RO           91    i.delay             delay.o
    0x080023a8   0x080023a8   0x00000038   Code   RO           92    i.delayuS           delay.o
    0x080023e0   0x080023e0   0x00000018   Code   RO          608    i.fabs              m_wm.l(fabs.o)
    0x080023f8   0x080023f8   0x0000000c   Code   RO          143    i.getIrms           vi.o
    0x08002404   0x08002404   0x0000002c   Code   RO          144    i.getRealPower      vi.o
    0x08002430   0x08002430   0x0000000c   Code   RO          145    i.getVrms           vi.o
    0x0800243c   0x0800243c   0x0000000c   Code   RO          146    i.getapparentPower  vi.o
    0x08002448   0x08002448   0x0000000c   Code   RO          147    i.getpowerFactor    vi.o
    0x08002454   0x08002454   0x000001e0   Code   RO            4    i.main              main.o
    0x08002634   0x08002634   0x00000018   Code   RO           93    i.millis            delay.o
    0x0800264c   0x0800264c   0x00000012   Code   RO          264    i.pushColor         ili9341.o
    0x0800265e   0x0800265e   0x00000002   PAD
    0x08002660   0x08002660   0x00000030   Code   RO          205    i.readADCCurrent    adc.o
    0x08002690   0x08002690   0x0000002c   Code   RO          206    i.readADCVolt       adc.o
    0x080026bc   0x080026bc   0x00000074   Code   RO          265    i.setAddrWindow     ili9341.o
    0x08002730   0x08002730   0x00000080   Code   RO          398    i.spi_init          spi.o
    0x080027b0   0x080027b0   0x00000028   Code   RO          401    i.spi_write         spi.o
    0x080027d8   0x080027d8   0x0000006e   Code   RO          561    i.sqrt              m_wm.l(sqrt.o)
    0x08002846   0x08002846   0x00000002   PAD
    0x08002848   0x08002848   0x00000040   Code   RO           94    i.systick_init      delay.o
    0x08002888   0x08002888   0x0000002c   Code   RO          673    locale$$code        c_w.l(lc_numeric_c.o)
    0x080028b4   0x080028b4   0x00000018   Code   RO          581    x$fpl$basic         fz_wm.l(basic.o)
    0x080028cc   0x080028cc   0x00000150   Code   RO          521    x$fpl$dadd          fz_wm.l(daddsub_clz.o)
    0x08002a1c   0x08002a1c   0x00000018   Code   RO          583    x$fpl$dcmpinf       fz_wm.l(dcmpi.o)
    0x08002a34   0x08002a34   0x000002b0   Code   RO          528    x$fpl$ddiv          fz_wm.l(ddiv.o)
    0x08002ce4   0x08002ce4   0x0000002e   Code   RO          532    x$fpl$dflt          fz_wm.l(dflt_clz.o)
    0x08002d12   0x08002d12   0x00000026   Code   RO          531    x$fpl$dfltu         fz_wm.l(dflt_clz.o)
    0x08002d38   0x08002d38   0x00000078   Code   RO          537    x$fpl$dleqf         fz_wm.l(dleqf.o)
    0x08002db0   0x08002db0   0x00000154   Code   RO          539    x$fpl$dmul          fz_wm.l(dmul.o)
    0x08002f04   0x08002f04   0x0000009c   Code   RO          585    x$fpl$dnaninf       fz_wm.l(dnaninf.o)
    0x08002fa0   0x08002fa0   0x0000000c   Code   RO          587    x$fpl$dretinf       fz_wm.l(dretinf.o)
    0x08002fac   0x08002fac   0x0000006c   Code   RO          541    x$fpl$drleqf        fz_wm.l(drleqf.o)
    0x08003018   0x08003018   0x00000016   Code   RO          522    x$fpl$drsb          fz_wm.l(daddsub_clz.o)
    0x0800302e   0x0800302e   0x00000002   PAD
    0x08003030   0x08003030   0x00000198   Code   RO          589    x$fpl$dsqrt         fz_wm.l(dsqrt_umaal.o)
    0x080031c8   0x080031c8   0x000001d4   Code   RO          523    x$fpl$dsub          fz_wm.l(daddsub_clz.o)
    0x0800339c   0x0800339c   0x0000000a   Code   RO          741    x$fpl$fpinit        fz_wm.l(fpinit.o)
    0x080033a6   0x080033a6   0x00000004   Code   RO          543    x$fpl$printf1       fz_wm.l(printf1.o)
    0x080033aa   0x080033aa   0x00000000   Code   RO          591    x$fpl$usenofp       fz_wm.l(usenofp.o)
    0x080033aa   0x080033aa   0x00000500   Data   RO          266    .constdata          ili9341.o
    0x080038aa   0x080038aa   0x00000010   Data   RO          450    .constdata          system_stm32f4xx.o
    0x080038ba   0x080038ba   0x00000006   PAD
    0x080038c0   0x080038c0   0x00000050   Data   RO          548    .constdata          m_wm.l(asin.o)
    0x08003910   0x08003910   0x00000094   Data   RO          648    .constdata          c_w.l(bigflt0.o)
    0x080039a4   0x080039a4   0x00000020   Data   RO          816    Region$$Table       anon$$obj.o
    0x080039c4   0x080039c4   0x0000001c   Data   RO          672    locale$$data        c_w.l(lc_numeric_c.o)


    Execution Region RW_IRAM1 (Exec base: 0x20000000, Load base: 0x080039e0, Size: 0x00000748, Max: 0x00020000, ABSOLUTE)

    Exec Addr    Load Addr    Size         Type   Attr      Idx    E Section Name        Object

    0x20000000   0x080039e0   0x00000010   Data   RW            6    .data               main.o
    0x20000010   0x080039f0   0x0000000c   Data   RW           95    .data               delay.o
    0x2000001c   0x080039fc   0x00000004   PAD
    0x20000020   0x08003a00   0x000000b8   Data   RW          148    .data               vi.o
    0x200000d8   0x08003ab8   0x00000004   Data   RW          207    .data               adc.o
    0x200000dc   0x08003abc   0x00000004   Data   RW          267    .data               ili9341.o
    0x200000e0   0x08003ac0   0x00000004   Data   RW          451    .data               system_stm32f4xx.o
    0x200000e4        -       0x00000060   Zero   RW          678    .bss                c_w.l(libspace.o)
    0x20000144   0x08003ac4   0x00000004   PAD
    0x20000148        -       0x00000200   Zero   RW          438    HEAP                startup_stm32f407xx.o
    0x20000348        -       0x00000400   Zero   RW          437    STACK               startup_stm32f407xx.o


==============================================================================

Image component sizes


      Code (inc. data)   RO Data    RW Data    ZI Data      Debug   Object Name

       272         34          0          4          0       1676   adc.o
       196         30          0         12          0       3065   delay.o
      1254         52       1280          4          0       7537   ili9341.o
       480         92          0         16          0       8457   main.o
       168         24          0          0          0        947   spi.o
        64         26        392          0       1536        880   startup_stm32f407xx.o
       456         56         16          4          0       2805   system_stm32f4xx.o
      1420        198          0        184          0       4531   vi.o

    ----------------------------------------------------------------------
      4316        512       1726        228       1536      29898   Object Totals
         0          0         32          0          0          0   (incl. Generated)
         6          0          6          4          0          0   (incl. Padding)

    ----------------------------------------------------------------------

      Code (inc. data)   RO Data    RW Data    ZI Data      Debug   Library Member Name

         8          0          0          0          0         68   __main.o
       104          0          0          0          0         84   __printf.o
         0          0          0          0          0          0   __rtentry.o
        12          0          0          0          0          0   __rtentry2.o
         6          0          0          0          0          0   __rtentry4.o
        52          8          0          0          0          0   __scatter.o
        26          0          0          0          0          0   __scatter_copy.o
        28          0          0          0          0          0   __scatter_zi.o
        48          6          0          0          0         96   _printf_char_common.o
         6          0          0          0          0          0   _printf_f.o
      1054          0          0          0          0        216   _printf_fp_dec.o
       128         16          0          0          0         84   _printf_fp_infnan.o
         0          0          0          0          0          0   _printf_percent.o
         4          0          0          0          0          0   _printf_percent_end.o
        22          0          0          0          0        100   _rserrno.o
        10          0          0          0          0         68   _sputc.o
       228          4        148          0          0         96   bigflt0.o
      1936        128          0          0          0        672   btod.o
        18          0          0          0          0         80   exit.o
         6          0          0          0          0        152   heapauxi.o
         0          0          0          0          0          0   indicate_semi.o
        44         10         28          0          0         76   lc_numeric_c.o
         2          0          0          0          0          0   libinit.o
        22          0          0          0          0          0   libinit2.o
         2          0          0          0          0          0   libshutdown.o
         2          0          0          0          0          0   libshutdown2.o
         8          4          0          0         96         68   libspace.o
       138          0          0          0          0         80   lludiv10.o
        40          6          0          0          0         84   noretval__2sprintf.o
         8          4          0          0          0         68   rt_errno_addr_intlibspace.o
         8          4          0          0          0         68   rt_locale_intlibspace.o
         2          0          0          0          0          0   rtexit.o
        10          0          0          0          0          0   rtexit2.o
       128          0          0          0          0         68   strcmpv7m.o
        12          4          0          0          0         68   sys_exit.o
        74          0          0          0          0         80   sys_stackheap_outer.o
         2          0          0          0          0         68   use_no_semi.o
        24          0          0          0          0        164   basic.o
       826         16          0          0          0        492   daddsub_clz.o
        24          0          0          0          0        116   dcmpi.o
       688        140          0          0          0        256   ddiv.o
        84          0          0          0          0        232   dflt_clz.o
       120          4          0          0          0        140   dleqf.o
       340         12          0          0          0        152   dmul.o
       156          4          0          0          0        140   dnaninf.o
        12          0          0          0          0        116   dretinf.o
       108          0          0          0          0        128   drleqf.o
       408         56          0          0          0        168   dsqrt_umaal.o
        10          0          0          0          0        116   fpinit.o
         4          0          0          0          0        116   printf1.o
         0          0          0          0          0          0   usenofp.o
       864         94         80          0          0        280   asin.o
        84         16          0          0          0        372   dunder.o
        24          0          0          0          0        124   fabs.o
        48          0          0          0          0        124   fpclassify.o
       248          0          0          0          0        152   poly.o
       232          0          0          0          0        296   sqrt.o

    ----------------------------------------------------------------------
      8518        536        256          0        100       6128   Library Totals
        16          0          0          0          4          0   (incl. Padding)

    ----------------------------------------------------------------------

      Code (inc. data)   RO Data    RW Data    ZI Data      Debug   Library Name

      4198        194        176          0         96       2444   c_w.l
      2804        232          0          0          0       2336   fz_wm.l
      1500        110         80          0          0       1348   m_wm.l

    ----------------------------------------------------------------------
      8518        536        256          0        100       6128   Library Totals

    ----------------------------------------------------------------------

==============================================================================


      Code (inc. data)   RO Data    RW Data    ZI Data      Debug   

     12834       1048       1982        228       1636      29726   Grand Totals
     12834       1048       1982        228       1636      29726   ELF Image Totals
     12834       1048       1982        228          0          0   ROM Totals

==============================================================================

    Total RO  Size (Code + RO Data)                14816 (  14.47kB)
    Total RW  Size (RW Data + ZI Data)              1864 (   1.82kB)
    Total ROM Size (Code + RO Data + RW Data)      15044 (  14.69kB)

==============================================================================

